[Licensing::Module] Trying to connect to existing licensing client channel...
Built from '6000.3/staging' branch; Version is '6000.3.20f1 (c9ba695d4f07) revision 13220457'; Using compiler version '194234433'; Build Type 'Release'
[Licensing::IpcConnector] Channel LicenseClient-tszki doesn't exist
OS: 'Windows 11  (10.0.26200) Professional' Language: 'zh' Physical Memory: 32544 MB
BatchMode: 1, IsHumanControllingUs: 0, StartBugReporterOnCrash: 0, Is64bit: 1
System  architecture: x64
Process architecture: x64
Date: 2026-07-29T07:18:53Z
[Licensing::Module] Successfully launched the LicensingClient (PId: 23452)

COMMAND LINE ARGUMENTS:
C:\Program Files\Unity\Hub\Editor\6000.3.20f1\Editor\Unity.exe
-batchmode
-quit
-projectPath
C:\Users\tszki\Documents\DesktopPet\unity-client
-executeMethod
YourCat.DesktopPet.Editor.CatVisualRegressionTest.Render
-logFile
C:\Users\tszki\Documents\DesktopPet\Build\cat-v2-frame-render.log
Successfully changed project path to: C:\Users\tszki\Documents\DesktopPet\unity-client
C:/Users/tszki/Documents/DesktopPet/unity-client
[UnityMemory] Configuration Parameters - Can be set up in boot.config
    "memorysetup-temp-allocator-size-nav-mesh-worker=65536"
    "memorysetup-temp-allocator-size-audio-worker=65536"
    "memorysetup-temp-allocator-size-gfx=262144"
    "memorysetup-allocator-temp-initial-block-size-main=262144"
    "memorysetup-allocator-temp-initial-block-size-worker=262144"
    "memorysetup-temp-allocator-size-background-worker=32768"
    "memorysetup-temp-allocator-size-job-worker=262144"
    "memorysetup-temp-allocator-size-preload-manager=33554432"
    "memorysetup-temp-allocator-size-gi-baking-worker=262144"
    "memorysetup-temp-allocator-size-gi-baking-worker=262144"
    "memorysetup-temp-allocator-size-gi-baking-worker=262144"
    "memorysetup-temp-allocator-size-gi-baking-worker=262144"
    "memorysetup-temp-allocator-size-gi-baking-worker=262144"
    "memorysetup-bucket-allocator-granularity=16"
    "memorysetup-bucket-allocator-bucket-count=8"
    "memorysetup-bucket-allocator-block-size=33554432"
    "memorysetup-bucket-allocator-block-count=8"
    "memorysetup-main-allocator-block-size=16777216"
    "memorysetup-thread-allocator-block-size=16777216"
    "memorysetup-gfx-main-allocator-block-size=16777216"
    "memorysetup-gfx-thread-allocator-block-size=16777216"
    "memorysetup-cache-allocator-block-size=4194304"
    "memorysetup-typetree-allocator-block-size=2097152"
    "memorysetup-profiler-bucket-allocator-granularity=16"
    "memorysetup-profiler-bucket-allocator-bucket-count=8"
    "memorysetup-profiler-bucket-allocator-block-size=33554432"
    "memorysetup-profiler-bucket-allocator-block-count=8"
    "memorysetup-profiler-allocator-block-size=16777216"
    "memorysetup-profiler-editor-allocator-block-size=1048576"
    "memorysetup-temp-allocator-size-main=16777216"
    "memorysetup-job-temp-allocator-block-size=2097152"
    "memorysetup-job-temp-allocator-block-size-background=1048576"
    "memorysetup-job-temp-allocator-reduction-small-platforms=262144"
    "memorysetup-temp-allocator-size-cloud-worker=32768"
Player connection [32828]  Target information:

Player connection [32828]  * "[IP] 192.168.0.144 [Port] 55504 [Flags] 2 [Guid] 3767224577 [EditorId] 3767224577 [Version] 1048832 [Id] WindowsEditor(7,KennyPC) [Debug] 1 [PackageName] WindowsEditor [ProjectName] Editor" 

Player connection [32828] Host joined multi-casting on [225.0.0.222:54997]...
Player connection [32828] Host joined alternative multi-casting on [225.0.0.222:34997]...
Input System module state changed to: Initialized.
[Physics::Module] Initialized fallback backend.
[Physics::Module] Id: 0xdecafbad
[Licensing::IpcConnector] Successfully connected to: "LicenseClient-tszki" at "2026-07-29T07:18:53.5305666Z"
[Licensing::Client] Code 10 while verifying Licensing Client signature (process Id: 23452, path: "C:/Program Files/Unity/Hub/Editor/6000.3.20f1/Editor/Data/Resources/Licensing/Client/Unity.Licensing.Client.exe")
[Licensing::Module] LicensingClient has failed validation; ignoring
[Package Manager] Connected to IPC stream "Upm-35204" after 0.2 seconds.
[Licensing::Module] Licensing is not yet initialized.
[Licensing::Client] Handshaking with LicensingClient:
  Version:                 1.18.1+9fbee8e
  Session Id:              92043c82b9d74022b47511ca3eea3fdb
  Correlation Id:          79f509c0e7330d5cfc83cd5fd3914b74
  External correlation Id: 894553901158193707
  Machine Id:              0yPGB7mYeUqwFVS7JR/iRTvLH5Q=
[Licensing::Module] Successfully connected to LicensingClient on channel: "LicenseClient-tszki" (connect: 0.25s, validation: 0.16s, handshake: 0.04s)
[Licensing::IpcConnector] Successfully connected to: "LicenseClient-tszki-notifications" at "2026-07-29T07:18:53.7290735Z"
[Licensing::Module] Connected to LicensingClient (PId: 23452, launch time: 0.00, total connection time: 0.44s)
[Licensing::Module] Error: Access token is unavailable; failed to update
[Licensing::Client] Successfully resolved entitlement details
[Licensing::Module] License group:
  Id: 20067628948337-UnityPersXXXX
  Product: Unity Personal
  Type: Assigned
  Expiration: Unlimited
[Licensing::Client] Successfully updated license, isAsync: True, time: 0.03
[Licensing::Client] Successfully resolved entitlement details
[Licensing::Module] Licensing Background thread has ended after 0.50s
[Licensing::Module] Licensing is initialized (took 0.11s).
[Licensing::Client] Successfully resolved entitlement details
Library Redirect Path: Library/
[Physics::Module] Selected backend.
[Physics::Module] Name: PhysX
[Physics::Module] Id: 0xf2b8ea05
[Physics::Module] SDK Version: 4.1.2
[Physics::Module] Integration Version: 1.0.0
[Physics::Module] Threading Mode: Multi-Threaded
Artifact Garbage Collection - Removed 3 unused hashed content files
Refreshing native plugins compatible for Editor in 0.00 ms, found 0 plugins.
Preloading 0 native plugins for Editor in 0.00 ms.
Initialize engine version: 6000.3.20f1 (c9ba695d4f07)
[Subsystems] Discovering subsystems at path C:/Program Files/Unity/Hub/Editor/6000.3.20f1/Editor/Data/Resources/UnitySubsystems
[Subsystems] Discovering subsystems at path C:/Users/tszki/Documents/DesktopPet/unity-client/Assets
GfxDevice: creating device client; kGfxThreadingModeNonThreaded
Direct3D:
    Version:  Direct3D 11.0 [level 11.1]
    Renderer: NVIDIA GeForce RTX 4090 (ID=0x2684)
    Vendor:   NVIDIA
    VRAM:     22608 MB
    Driver:   32.0.16.1062
Initialize mono
Mono path[0] = 'C:/Program Files/Unity/Hub/Editor/6000.3.20f1/Editor/Data/Managed'
Mono path[1] = 'C:/Program Files/Unity/Hub/Editor/6000.3.20f1/Editor/Data/MonoBleedingEdge/lib/mono/unityjit-win32'
Mono config path = 'C:/Program Files/Unity/Hub/Editor/6000.3.20f1/Editor/Data/MonoBleedingEdge/etc'
Using monoOptions --debugger-agent=transport=dt_socket,embedding=1,server=y,suspend=n,address=127.0.0.1:56204
Using cacheserver namespaces - metadata:defaultmetadata, artifacts:defaultartifacts
Using cacheserver namespaces - metadata:defaultmetadata, artifacts:defaultartifacts
ImportWorker Server TCP listen port: 0
AcceleratorClientConnectionCallback - disconnected - :0
Begin MonoManager ReloadAssembly
Registering precompiled unity dll's ...
Register platform support module: C:/Program Files/Unity/Hub/Editor/6000.3.20f1/Editor/Data/PlaybackEngines/WindowsStandaloneSupport/UnityEditor.WindowsStandalone.Extensions.dll
Registered in 0.001508 seconds.
- Loaded All Assemblies, in  0.303 seconds
Native extension for WindowsStandalone target not found
Package Manager log level set to [2]
ScheduleIndexationOnStartup MainProcess:False IndexOnStartup:False
Mono: successfully reloaded assembly
- Finished resetting the current domain, in  0.276 seconds
Domain Reload Profiling: 578ms
	BeginReloadAssembly (104ms)
		ExecutionOrderSort (0ms)
		DisableScriptedObjects (0ms)
		BackupInstance (0ms)
		ReleaseScriptingObjects (0ms)
		CreateAndSetChildDomain (10ms)
	RebuildCommonClasses (27ms)
	RebuildNativeTypeToScriptingClass (9ms)
	initialDomainReloadingComplete (34ms)
	LoadAllAssembliesAndSetupDomain (127ms)
		LoadAssemblies (91ms)
		RebuildTransferFunctionScriptingTraits (0ms)
		AnalyzeDomain (125ms)
			TypeCache.Refresh (123ms)
				TypeCache.ScanAssembly (114ms)
			BuildScriptInfoCaches (0ms)
			ResolveRequiredComponents (0ms)
	FinalizeReload (277ms)
		ReleaseScriptCaches (0ms)
		RebuildScriptCaches (0ms)
		SetupLoadedEditorAssemblies (250ms)
			LogAssemblyErrors (0ms)
			InitializePlatformSupportModulesInManaged (33ms)
			SetLoadedEditorAssemblies (3ms)
			BeforeProcessingInitializeOnLoad (58ms)
			ProcessInitializeOnLoadAttributes (97ms)
			ProcessInitializeOnLoadMethodAttributes (60ms)
			AfterProcessingInitializeOnLoad (0ms)
			EditorAssembliesLoaded (0ms)
		ExecutionOrderSort2 (0ms)
		AwakeInstancesAfterBackupRestoration (0ms)
[Licensing::Client] Successfully resolved entitlement details
Application.AssetDatabase Initial Refresh Start
[Package Manager] Restoring resolved packages state from cache
[Licensing::Client] Successfully resolved entitlement details
[Package Manager] Registered 7 packages:
  Built-in packages:
    com.unity.modules.animation@1.0.0 (location: C:\Users\tszki\Documents\DesktopPet\unity-client\Library\PackageCache\com.unity.modules.animation)
    com.unity.modules.director@1.0.0 (location: C:\Users\tszki\Documents\DesktopPet\unity-client\Library\PackageCache\com.unity.modules.director)
    com.unity.modules.imgui@1.0.0 (location: C:\Users\tszki\Documents\DesktopPet\unity-client\Library\PackageCache\com.unity.modules.imgui)
    com.unity.modules.physics@1.0.0 (location: C:\Users\tszki\Documents\DesktopPet\unity-client\Library\PackageCache\com.unity.modules.physics)
    com.unity.modules.screencapture@1.0.0 (location: C:\Users\tszki\Documents\DesktopPet\unity-client\Library\PackageCache\com.unity.modules.screencapture)
    com.unity.modules.imageconversion@1.0.0 (location: C:\Users\tszki\Documents\DesktopPet\unity-client\Library\PackageCache\com.unity.modules.imageconversion)
    com.unity.modules.audio@1.0.0 (location: C:\Users\tszki\Documents\DesktopPet\unity-client\Library\PackageCache\com.unity.modules.audio)
[Subsystems] No new subsystems found in resolved package list.
[Package Manager] Done registering packages in 0.00 seconds
[ScriptCompilation] Requested script compilation because: Assetdatabase observed changes in script compilation related files
Starting: C:\Program Files\Unity\Hub\Editor\6000.3.20f1\Editor\Data\Tools\BuildPipeline\bee_backend.exe --ipc --defer-dag-verification --dagfile="Library/Bee/1900b0aE.dag" --continue-on-failure --profile="Library/Bee/backend1.traceevents" ScriptAssemblies
WorkingDir: C:/Users/tszki/Documents/DesktopPet/unity-client
DisplayProgressbar: Compiling Scripts
ExitCode: 0 Duration: 0s174ms
[152/155    0s] Csc Library/Bee/artifacts/1900b0aE.dag/Assembly-CSharp-Editor.dll (+2 others)
[153/155    0s] CopyFiles Library/ScriptAssemblies/Assembly-CSharp-Editor.pdb
[154/155    0s] CopyFiles Library/ScriptAssemblies/Assembly-CSharp-Editor.dll
*** Tundra build success (0.15 seconds), 3 items updated, 155 evaluated
AssetDatabase: script compilation time: 0.490428s
Begin MonoManager ReloadAssembly
Total cache size 23822508
Total cache size after purge 23822508, took 00:00:00.0213006
- Loaded All Assemblies, in  0.196 seconds
Refreshing native plugins compatible for Editor in 0.00 ms, found 0 plugins.
Native extension for WindowsStandalone target not found
ScheduleIndexationOnStartup MainProcess:True IndexOnStartup:True
Mono: successfully reloaded assembly
- Finished resetting the current domain, in  0.359 seconds
Domain Reload Profiling: 554ms
	BeginReloadAssembly (138ms)
		ExecutionOrderSort (0ms)
		DisableScriptedObjects (17ms)
		BackupInstance (0ms)
		ReleaseScriptingObjects (0ms)
		CreateAndSetChildDomain (20ms)
	RebuildCommonClasses (25ms)
	RebuildNativeTypeToScriptingClass (9ms)
	initialDomainReloadingComplete (15ms)
	LoadAllAssembliesAndSetupDomain (8ms)
		LoadAssemblies (74ms)
		RebuildTransferFunctionScriptingTraits (0ms)
		AnalyzeDomain (6ms)
			TypeCache.Refresh (3ms)
				TypeCache.ScanAssembly (0ms)
			BuildScriptInfoCaches (0ms)
			ResolveRequiredComponents (0ms)
	FinalizeReload (360ms)
		ReleaseScriptCaches (0ms)
		RebuildScriptCaches (0ms)
		SetupLoadedEditorAssemblies (250ms)
			LogAssemblyErrors (0ms)
			InitializePlatformSupportModulesInManaged (19ms)
			SetLoadedEditorAssemblies (3ms)
			BeforeProcessingInitializeOnLoad (104ms)
			ProcessInitializeOnLoadAttributes (86ms)
			ProcessInitializeOnLoadMethodAttributes (33ms)
			AfterProcessingInitializeOnLoad (5ms)
			EditorAssembliesLoaded (0ms)
		ExecutionOrderSort2 (0ms)
		AwakeInstancesAfterBackupRestoration (22ms)
Refreshing native plugins compatible for Editor in 0.00 ms, found 0 plugins.
Preloading 0 native plugins for Editor in 0.00 ms.
Asset Pipeline Refresh (id=7bccec50562c183478b621dfa7a591e6): Total: 1.169 seconds - Initiated by InitialRefreshV2(ForceSynchronousImport)
	Summary:
		Imports: total=0 (actual=0, local cache=0, cache server=0)
		Asset DB Process Time: managed=0 ms, native=420 ms
		Asset DB Callback time: managed=46 ms, native=8 ms
		Scripting: domain reloads=1, domain reload time=196 ms, compile time=492 ms, other=4 ms
		Project Asset Count: scripts=40, non-scripts=30
		Asset File Changes: new=0, changed=1, moved=0, deleted=0
		Scan Filter Count: 0
	InvokeCustomDependenciesCallbacks: 0.001ms
	InvokePackagesCallback: 7.896ms
	ApplyChangesToAssetFolders: 0.307ms
	Scan: 14.845ms
	OnSourceAssetsModified: 0.649ms
	CategorizeAssetsWithTransientArtifact: 0.053ms
	ProcessAssetsWithTransientArtifactChanges: 0.547ms
	CategorizeAssets: 0.288ms
	ImportOutOfDateAssets: 360.156ms (-132.589ms without children)
		CompileScripts: 492.498ms
		ReloadNativeAssets: 0.000ms
		UnloadImportedAssets: 0.066ms
		EnsureUptoDateAssetsAreRegisteredWithGuidPM: 0.010ms
		InitializingProgressBar: 0.001ms
		PostProcessAllAssetNotificationsAddChangedAssets: 0.000ms
		OnDemandSchedulerStart: 0.170ms
	PostProcessAllAssets: 47.360ms
	Hotreload: 0.498ms
	GatherAllCurrentPrimaryArtifactRevisions: 0.003ms
	UnloadStreamsBegin: 0.947ms
	PersistCurrentRevisions: 0.002ms
	UnloadStreamsEnd: 0.001ms
	GenerateScriptTypeHashes: 0.016ms
	Untracked: 735.580ms

Application.AssetDatabase Initial Refresh End
Launched and connected shader compiler UnityShaderCompiler.exe after 0.01 seconds
Scanning for USB devices : 5.184ms
Initializing Unity extensions:
[MODES] ModeService[none].Initialize
[MODES] ModeService[none].LoadModes
[MODES] Loading mode Default (0) for mode-current-id-Your Cat Desktop Pet
Unloading 3 Unused Serialized files (Serialized files now loaded: 0)
Unloading 24 unused Assets / (506.8 KB). Loaded Objects now: 650.
Memory consumption went from 87.8 MB to 87.3 MB.
Total: 3.196700 ms (FindLiveObjects: 0.031200 ms CreateObjectMapping: 0.003100 ms MarkObjects: 3.010000 ms  DeleteObjects: 0.151100 ms)

Refreshing native plugins compatible for Editor in 0.00 ms, found 0 plugins.
Preloading 0 native plugins for Editor in 0.00 ms.
Asset Pipeline Refresh (id=8beb4d46df36efc4486c59ada00f15d8): Total: 0.028 seconds - Initiated by StopAssetImportingV2(NoUpdateAssetOptions)
Refreshing native plugins compatible for Editor in 0.00 ms, found 0 plugins.
Preloading 0 native plugins for Editor in 0.00 ms.
Asset Pipeline Refresh (id=258782599cd91974badb591734997b37): Total: 0.013 seconds - Initiated by StopAssetImportingV2(NoUpdateAssetOptions)
Refreshing native plugins compatible for Editor in 0.00 ms, found 0 plugins.
Preloading 0 native plugins for Editor in 0.00 ms.
Asset Pipeline Refresh (id=f31d26d1ff5901d4db5f7e0151afb7cc): Total: 0.013 seconds - Initiated by StopAssetImportingV2(NoUpdateAssetOptions)
Refreshing native plugins compatible for Editor in 0.00 ms, found 0 plugins.
Preloading 0 native plugins for Editor in 0.00 ms.
Asset Pipeline Refresh (id=b0f801861faa34c41a117a9fd9170243): Total: 0.008 seconds - Initiated by StopAssetImportingV2(NoUpdateAssetOptions)
Refreshing native plugins compatible for Editor in 0.00 ms, found 0 plugins.
Preloading 0 native plugins for Editor in 0.00 ms.
Asset Pipeline Refresh (id=bf84af52343436949b7540a049d3213f): Total: 0.012 seconds - Initiated by StopAssetImportingV2(NoUpdateAssetOptions)
Refreshing native plugins compatible for Editor in 0.00 ms, found 0 plugins.
Preloading 0 native plugins for Editor in 0.00 ms.
Asset Pipeline Refresh (id=259b03453e7d74d4d8fba64244eab475): Total: 0.008 seconds - Initiated by StopAssetImportingV2(NoUpdateAssetOptions)
Refreshing native plugins compatible for Editor in 0.00 ms, found 0 plugins.
Preloading 0 native plugins for Editor in 0.00 ms.
Asset Pipeline Refresh (id=4f43a1d1f820f09448bc79e1f85dfdb7): Total: 0.013 seconds - Initiated by StopAssetImportingV2(NoUpdateAssetOptions)
Refreshing native plugins compatible for Editor in 0.00 ms, found 0 plugins.
Preloading 0 native plugins for Editor in 0.00 ms.
Asset Pipeline Refresh (id=6d86feb4dc893b7419914cff93523994): Total: 0.009 seconds - Initiated by StopAssetImportingV2(NoUpdateAssetOptions)
Refreshing native plugins compatible for Editor in 0.00 ms, found 0 plugins.
Preloading 0 native plugins for Editor in 0.00 ms.
Asset Pipeline Refresh (id=9a97e10b16155144181396c181e9996a): Total: 0.013 seconds - Initiated by StopAssetImportingV2(NoUpdateAssetOptions)
Refreshing native plugins compatible for Editor in 0.00 ms, found 0 plugins.
Preloading 0 native plugins for Editor in 0.00 ms.
Asset Pipeline Refresh (id=df8b087c3fcb5ff41a8ef266d9b8cc72): Total: 0.009 seconds - Initiated by StopAssetImportingV2(NoUpdateAssetOptions)
Refreshing native plugins compatible for Editor in 0.00 ms, found 0 plugins.
Preloading 0 native plugins for Editor in 0.00 ms.
Asset Pipeline Refresh (id=4a77839862aabfb438c3a7df4726a5d2): Total: 0.014 seconds - Initiated by StopAssetImportingV2(NoUpdateAssetOptions)
Refreshing native plugins compatible for Editor in 0.00 ms, found 0 plugins.
Preloading 0 native plugins for Editor in 0.00 ms.
Asset Pipeline Refresh (id=ae665bd90154a054aa64f0ff4abc83e6): Total: 0.007 seconds - Initiated by StopAssetImportingV2(NoUpdateAssetOptions)
Refreshing native plugins compatible for Editor in 0.00 ms, found 0 plugins.
Preloading 0 native plugins for Editor in 0.00 ms.
Asset Pipeline Refresh (id=f4326c14c3dc6d849adad313afc6ac76): Total: 0.014 seconds - Initiated by StopAssetImportingV2(NoUpdateAssetOptions)
Refreshing native plugins compatible for Editor in 0.00 ms, found 0 plugins.
Preloading 0 native plugins for Editor in 0.00 ms.
Asset Pipeline Refresh (id=4c1bd5fb887147d458f18f6fd90194a7): Total: 0.007 seconds - Initiated by StopAssetImportingV2(NoUpdateAssetOptions)
Refreshing native plugins compatible for Editor in 0.00 ms, found 0 plugins.
Preloading 0 native plugins for Editor in 0.00 ms.
Asset Pipeline Refresh (id=959bb4e46e0ed414d848af17af9ff971): Total: 0.014 seconds - Initiated by StopAssetImportingV2(NoUpdateAssetOptions)
Start importing Assets/StandardCat/StandardCat.controller using Guid(81317f1163a17a1419e0db7fbf781d01) (NativeFormatImporter) -> (artifact id: '87b91bb4671f17766c89477eff555143') in 0.0051311 seconds
Refreshing native plugins compatible for Editor in 0.00 ms, found 0 plugins.
Preloading 0 native plugins for Editor in 0.00 ms.
Asset Pipeline Refresh (id=dddff4f903eb52f4d981db9bec558e9f): Total: 0.013 seconds - Initiated by StopAssetImportingV2(NoUpdateAssetOptions)
Asset Pipeline Refresh (id=ccd66f38c2c093944b4d9677a1a5d4bb): Total: 0.006 seconds - Initiated by StopAssetImportingV2(NoUpdateAssetOptions)
Start importing Assets/StandardCat/StandardCatTabby.mat using Guid(61ee102adec486043ab91705cc172f93) (NativeFormatImporter) -> (artifact id: '9909e899ea56c945319a24a3b575540f') in 0.001603 seconds
Start importing Assets/StandardCat/StandardCat.controller using Guid(81317f1163a17a1419e0db7fbf781d01) (NativeFormatImporter) -> (artifact id: 'cabdff2328ca9cdd551acaba7c10349e') in 0.0014 seconds
Refreshing native plugins compatible for Editor in 0.00 ms, found 0 plugins.
Preloading 0 native plugins for Editor in 0.00 ms.
Asset Pipeline Refresh (id=34c2b8d23eeb2cc43bb05d1ed92b388f): Total: 0.010 seconds - Initiated by StopAssetImportingV2(NoUpdateAssetOptions)
Asset Pipeline Refresh (id=706bb4d2790b139449ec7eef11eb2472): Total: 0.020 seconds - Initiated by RefreshV2(NoUpdateAssetOptions)
Created anatomically rigged cat prefab at Assets/StandardCat/StandardCat.prefab
UnityEngine.Debug:ExtractStackTraceNoAlloc (byte*,int,string)
UnityEngine.StackTraceUtility:ExtractStackTrace ()
UnityEngine.DebugLogHandler:Internal_Log (UnityEngine.LogType,UnityEngine.LogOption,string,UnityEngine.Object)
UnityEngine.DebugLogHandler:LogFormat (UnityEngine.LogType,UnityEngine.Object,string,object[])
UnityEngine.Logger:Log (UnityEngine.LogType,object)
UnityEngine.Debug:Log (object)
YourCat.DesktopPet.Editor.StandardCatBuilder:Create () (at Assets/Editor/StandardCatBuilder.cs:61)
YourCat.DesktopPet.Editor.CatVisualRegressionTest:Render () (at Assets/Editor/CatVisualRegressionTest.cs:12)

(Filename: Assets/Editor/StandardCatBuilder.cs Line: 61)

Unloading 0 Unused Serialized files (Serialized files now loaded: 0)
Unloading 693 unused Assets / (0.5 MB). Loaded Objects now: 652.
Memory consumption went from 89.1 MB to 88.5 MB.
Total: 3.348200 ms (FindLiveObjects: 0.044100 ms CreateObjectMapping: 0.010100 ms MarkObjects: 2.842700 ms  DeleteObjects: 0.450700 ms)

CAT_BONE Model position=(0.00, 0.00, 0.00) rotation=(0.00, 0.00, 0.00) scale=(90.37, 90.37, 90.37)
UnityEngine.Debug:ExtractStackTraceNoAlloc (byte*,int,string)
UnityEngine.StackTraceUtility:ExtractStackTrace ()
UnityEngine.DebugLogHandler:Internal_Log (UnityEngine.LogType,UnityEngine.LogOption,string,UnityEngine.Object)
UnityEngine.DebugLogHandler:LogFormat (UnityEngine.LogType,UnityEngine.Object,string,object[])
UnityEngine.Logger:Log (UnityEngine.LogType,object)
UnityEngine.Debug:Log (object)
YourCat.DesktopPet.Editor.CatVisualRegressionTest:Render () (at Assets/Editor/CatVisualRegressionTest.cs:21)

(Filename: Assets/Editor/CatVisualRegressionTest.cs Line: 21)

CAT_BONE root position=(0.00, 0.00, 0.00) rotation=(270.02, 0.00, 0.00) scale=(1.00, 1.00, 1.00)
UnityEngine.Debug:ExtractStackTraceNoAlloc (byte*,int,string)
UnityEngine.StackTraceUtility:ExtractStackTrace ()
UnityEngine.DebugLogHandler:Internal_Log (UnityEngine.LogType,UnityEngine.LogOption,string,UnityEngine.Object)
UnityEngine.DebugLogHandler:LogFormat (UnityEngine.LogType,UnityEngine.Object,string,object[])
UnityEngine.Logger:Log (UnityEngine.LogType,object)
UnityEngine.Debug:Log (object)
YourCat.DesktopPet.Editor.CatVisualRegressionTest:Render () (at Assets/Editor/CatVisualRegressionTest.cs:21)

(Filename: Assets/Editor/CatVisualRegressionTest.cs Line: 21)

CAT_BONE butt position=(0.00, 0.00, 0.00) rotation=(0.00, 0.00, 0.00) scale=(1.00, 1.00, 1.00)
UnityEngine.Debug:ExtractStackTraceNoAlloc (byte*,int,string)
UnityEngine.StackTraceUtility:ExtractStackTrace ()
UnityEngine.DebugLogHandler:Internal_Log (UnityEngine.LogType,UnityEngine.LogOption,string,UnityEngine.Object)
UnityEngine.DebugLogHandler:LogFormat (UnityEngine.LogType,UnityEngine.Object,string,object[])
UnityEngine.Logger:Log (UnityEngine.LogType,object)
UnityEngine.Debug:Log (object)
YourCat.DesktopPet.Editor.CatVisualRegressionTest:Render () (at Assets/Editor/CatVisualRegressionTest.cs:21)

(Filename: Assets/Editor/CatVisualRegressionTest.cs Line: 21)

CAT_BONE belly position=(0.00, 0.00, 0.00) rotation=(0.00, 0.00, 0.00) scale=(1.00, 1.00, 1.00)
UnityEngine.Debug:ExtractStackTraceNoAlloc (byte*,int,string)
UnityEngine.StackTraceUtility:ExtractStackTrace ()
UnityEngine.DebugLogHandler:Internal_Log (UnityEngine.LogType,UnityEngine.LogOption,string,UnityEngine.Object)
UnityEngine.DebugLogHandler:LogFormat (UnityEngine.LogType,UnityEngine.Object,string,object[])
UnityEngine.Logger:Log (UnityEngine.LogType,object)
UnityEngine.Debug:Log (object)
YourCat.DesktopPet.Editor.CatVisualRegressionTest:Render () (at Assets/Editor/CatVisualRegressionTest.cs:21)

(Filename: Assets/Editor/CatVisualRegressionTest.cs Line: 21)

CAT_BONE L_BLeg_Upper position=(0.00, 0.00, 0.00) rotation=(0.00, 0.00, 0.00) scale=(1.00, 1.00, 1.00)
UnityEngine.Debug:ExtractStackTraceNoAlloc (byte*,int,string)
UnityEngine.StackTraceUtility:ExtractStackTrace ()
UnityEngine.DebugLogHandler:Internal_Log (UnityEngine.LogType,UnityEngine.LogOption,string,UnityEngine.Object)
UnityEngine.DebugLogHandler:LogFormat (UnityEngine.LogType,UnityEngine.Object,string,object[])
UnityEngine.Logger:Log (UnityEngine.LogType,object)
UnityEngine.Debug:Log (object)
YourCat.DesktopPet.Editor.CatVisualRegressionTest:Render () (at Assets/Editor/CatVisualRegressionTest.cs:21)

(Filename: Assets/Editor/CatVisualRegressionTest.cs Line: 21)

CAT_BONE L_BLeg_Lower position=(0.00, 0.00, 0.00) rotation=(0.00, 0.00, 0.00) scale=(1.00, 1.00, 1.00)
UnityEngine.Debug:ExtractStackTraceNoAlloc (byte*,int,string)
UnityEngine.StackTraceUtility:ExtractStackTrace ()
UnityEngine.DebugLogHandler:Internal_Log (UnityEngine.LogType,UnityEngine.LogOption,string,UnityEngine.Object)
UnityEngine.DebugLogHandler:LogFormat (UnityEngine.LogType,UnityEngine.Object,string,object[])
UnityEngine.Logger:Log (UnityEngine.LogType,object)
UnityEngine.Debug:Log (object)
YourCat.DesktopPet.Editor.CatVisualRegressionTest:Render () (at Assets/Editor/CatVisualRegressionTest.cs:21)

(Filename: Assets/Editor/CatVisualRegressionTest.cs Line: 21)

Releasing render texture that is set to be RenderTexture.active!
UnityEngine.Debug:ExtractStackTraceNoAlloc (byte*,int,string)
UnityEngine.StackTraceUtility:ExtractStackTrace ()
UnityEngine.RenderTexture:Release ()
YourCat.DesktopPet.Editor.CatVisualRegressionTest:Render () (at Assets/Editor/CatVisualRegressionTest.cs:62)

[Assets/Editor/CatVisualRegressionTest.cs line 62]

Releasing render texture that is set as Camera.targetTexture!
UnityEngine.Debug:ExtractStackTraceNoAlloc (byte*,int,string)
UnityEngine.StackTraceUtility:ExtractStackTrace ()
UnityEngine.Object:DestroyImmediate (UnityEngine.Object,bool)
UnityEngine.Object:DestroyImmediate (UnityEngine.Object)
YourCat.DesktopPet.Editor.CatVisualRegressionTest:Render () (at Assets/Editor/CatVisualRegressionTest.cs:63)

[Assets/Editor/CatVisualRegressionTest.cs line 63]

CAT_VISUAL_BOUNDS center=(-0.05, 1.32, 0.00) size=(3.73, 2.65, 1.10)
UnityEngine.Debug:ExtractStackTraceNoAlloc (byte*,int,string)
UnityEngine.StackTraceUtility:ExtractStackTrace ()
UnityEngine.DebugLogHandler:Internal_Log (UnityEngine.LogType,UnityEngine.LogOption,string,UnityEngine.Object)
UnityEngine.DebugLogHandler:LogFormat (UnityEngine.LogType,UnityEngine.Object,string,object[])
UnityEngine.Logger:Log (UnityEngine.LogType,object)
UnityEngine.Debug:Log (object)
YourCat.DesktopPet.Editor.CatVisualRegressionTest:Render () (at Assets/Editor/CatVisualRegressionTest.cs:64)

(Filename: Assets/Editor/CatVisualRegressionTest.cs Line: 64)

Batchmode quit successfully invoked - shutting down!
[Physics::Module] Cleanup current backend.
[Physics::Module] Id: 0xf2b8ea05
Input System module state changed to: ShutdownInProgress.
Input System polling thread exited.
Input System module state changed to: Shutdown.
[Licensing::IpcConnector] LicenseClient-tszki-notifications channel disconnected successfully.
[Licensing::IpcConnector] LicenseClient-tszki channel disconnected successfully.
AcceleratorClientConnectionCallback - disconnected - :0
Cleanup mono
Exiting batchmode successfully now!
Exiting without the bug reporter. Application will terminate with return code 0