[Licensing::Module] Trying to connect to existing licensing client channel...
Built from '6000.3/staging' branch; Version is '6000.3.20f1 (c9ba695d4f07) revision 13220457'; Using compiler version '194234433'; Build Type 'Release'
[Licensing::IpcConnector] Channel LicenseClient-tszki doesn't exist
OS: 'Windows 11  (10.0.26200) Professional' Language: 'zh' Physical Memory: 32544 MB
BatchMode: 1, IsHumanControllingUs: 0, StartBugReporterOnCrash: 0, Is64bit: 1
System  architecture: x64
Process architecture: x64
Date: 2026-07-29T07:25:59Z
[Licensing::Module] Successfully launched the LicensingClient (PId: 30812)

COMMAND LINE ARGUMENTS:
C:\Program Files\Unity\Hub\Editor\6000.3.20f1\Editor\Unity.exe
-batchmode
-quit
-projectPath
C:\Users\tszki\Documents\DesktopPet\unity-client
-executeMethod
YourCat.DesktopPet.Editor.CatVisualRegressionTest.Render
-logFile
C:\Users\tszki\Documents\DesktopPet\Build\cat-v2-final-visual.log
Successfully changed project path to: C:\Users\tszki\Documents\DesktopPet\unity-client
C:/Users/tszki/Documents/DesktopPet/unity-client
[UnityMemory] Configuration Parameters - Can be set up in boot.config
    "memorysetup-temp-allocator-size-nav-mesh-worker=65536"
    "memorysetup-temp-allocator-size-audio-worker=65536"
    "memorysetup-temp-allocator-size-gfx=262144"
    "memorysetup-allocator-temp-initial-block-size-main=262144"
    "memorysetup-allocator-temp-initial-block-size-worker=262144"
    "memorysetup-temp-allocator-size-background-worker=32768"
    "memorysetup-temp-allocator-size-job-worker=262144"
    "memorysetup-temp-allocator-size-preload-manager=33554432"
    "memorysetup-temp-allocator-size-gi-baking-worker=262144"
    "memorysetup-temp-allocator-size-gi-baking-worker=262144"
    "memorysetup-temp-allocator-size-gi-baking-worker=262144"
    "memorysetup-temp-allocator-size-gi-baking-worker=262144"
    "memorysetup-temp-allocator-size-gi-baking-worker=262144"
    "memorysetup-bucket-allocator-granularity=16"
    "memorysetup-bucket-allocator-bucket-count=8"
    "memorysetup-bucket-allocator-block-size=33554432"
    "memorysetup-bucket-allocator-block-count=8"
    "memorysetup-main-allocator-block-size=16777216"
    "memorysetup-thread-allocator-block-size=16777216"
    "memorysetup-gfx-main-allocator-block-size=16777216"
    "memorysetup-gfx-thread-allocator-block-size=16777216"
    "memorysetup-cache-allocator-block-size=4194304"
    "memorysetup-typetree-allocator-block-size=2097152"
    "memorysetup-profiler-bucket-allocator-granularity=16"
    "memorysetup-profiler-bucket-allocator-bucket-count=8"
    "memorysetup-profiler-bucket-allocator-block-size=33554432"
    "memorysetup-profiler-bucket-allocator-block-count=8"
    "memorysetup-profiler-allocator-block-size=16777216"
    "memorysetup-profiler-editor-allocator-block-size=1048576"
    "memorysetup-temp-allocator-size-main=16777216"
    "memorysetup-job-temp-allocator-block-size=2097152"
    "memorysetup-job-temp-allocator-block-size-background=1048576"
    "memorysetup-job-temp-allocator-reduction-small-platforms=262144"
    "memorysetup-temp-allocator-size-cloud-worker=32768"
Player connection [8620]  Target information:

Player connection [8620]  * "[IP] 192.168.0.144 [Port] 55504 [Flags] 2 [Guid] 2728784055 [EditorId] 2728784055 [Version] 1048832 [Id] WindowsEditor(7,KennyPC) [Debug] 1 [PackageName] WindowsEditor [ProjectName] Editor" 

Player connection [8620] Host joined multi-casting on [225.0.0.222:54997]...
Player connection [8620] Host joined alternative multi-casting on [225.0.0.222:34997]...
Input System module state changed to: Initialized.
[Physics::Module] Initialized fallback backend.
[Physics::Module] Id: 0xdecafbad
[Licensing::IpcConnector] Successfully connected to: "LicenseClient-tszki" at "2026-07-29T07:25:59.9273528Z"
[Licensing::Client] Code 10 while verifying Licensing Client signature (process Id: 30812, path: "C:/Program Files/Unity/Hub/Editor/6000.3.20f1/Editor/Data/Resources/Licensing/Client/Unity.Licensing.Client.exe")
[Licensing::Module] LicensingClient has failed validation; ignoring
[Package Manager] Connected to IPC stream "Upm-28240" after 0.2 seconds.
[Licensing::Module] Licensing is not yet initialized.
[Licensing::Client] Handshaking with LicensingClient:
  Version:                 1.18.1+9fbee8e
  Session Id:              419430133f234a73a0f2873a72888d81
  Correlation Id:          6bf3048e3537093046c93467903b0157
  External correlation Id: 6477277049939087426
  Machine Id:              0yPGB7mYeUqwFVS7JR/iRTvLH5Q=
[Licensing::Module] Successfully connected to LicensingClient on channel: "LicenseClient-tszki" (connect: 0.37s, validation: 0.06s, handshake: 0.04s)
[Licensing::IpcConnector] Successfully connected to: "LicenseClient-tszki-notifications" at "2026-07-29T07:26:00.0317629Z"
[Licensing::Module] Connected to LicensingClient (PId: 30812, launch time: 0.00, total connection time: 0.48s)
[Licensing::Module] Error: Access token is unavailable; failed to update
[Licensing::Client] Successfully resolved entitlement details
[Licensing::Module] License group:
  Id: 20067628948337-UnityPersXXXX
  Product: Unity Personal
  Type: Assigned
  Expiration: Unlimited
[Licensing::Client] Successfully updated license, isAsync: True, time: 0.01
[Licensing::Client] Successfully resolved entitlement details
[Licensing::Module] Licensing Background thread has ended after 0.51s
[Licensing::Module] Licensing is initialized (took 0.07s).
[Licensing::Client] Successfully resolved entitlement details
Library Redirect Path: Library/
[Physics::Module] Selected backend.
[Physics::Module] Name: PhysX
[Physics::Module] Id: 0xf2b8ea05
[Physics::Module] SDK Version: 4.1.2
[Physics::Module] Integration Version: 1.0.0
[Physics::Module] Threading Mode: Multi-Threaded
Artifact Garbage Collection - Removed 3 unused hashed content files
Refreshing native plugins compatible for Editor in 0.00 ms, found 0 plugins.
Preloading 0 native plugins for Editor in 0.00 ms.
Initialize engine version: 6000.3.20f1 (c9ba695d4f07)
[Subsystems] Discovering subsystems at path C:/Program Files/Unity/Hub/Editor/6000.3.20f1/Editor/Data/Resources/UnitySubsystems
[Subsystems] Discovering subsystems at path C:/Users/tszki/Documents/DesktopPet/unity-client/Assets
GfxDevice: creating device client; kGfxThreadingModeNonThreaded
Direct3D:
    Version:  Direct3D 11.0 [level 11.1]
    Renderer: NVIDIA GeForce RTX 4090 (ID=0x2684)
    Vendor:   NVIDIA
    VRAM:     22608 MB
    Driver:   32.0.16.1062
Initialize mono
Mono path[0] = 'C:/Program Files/Unity/Hub/Editor/6000.3.20f1/Editor/Data/Managed'
Mono path[1] = 'C:/Program Files/Unity/Hub/Editor/6000.3.20f1/Editor/Data/MonoBleedingEdge/lib/mono/unityjit-win32'
Mono config path = 'C:/Program Files/Unity/Hub/Editor/6000.3.20f1/Editor/Data/MonoBleedingEdge/etc'
Using monoOptions --debugger-agent=transport=dt_socket,embedding=1,server=y,suspend=n,address=127.0.0.1:56240
Using cacheserver namespaces - metadata:defaultmetadata, artifacts:defaultartifacts
Using cacheserver namespaces - metadata:defaultmetadata, artifacts:defaultartifacts
ImportWorker Server TCP listen port: 0
AcceleratorClientConnectionCallback - disconnected - :0
Begin MonoManager ReloadAssembly
Registering precompiled unity dll's ...
Register platform support module: C:/Program Files/Unity/Hub/Editor/6000.3.20f1/Editor/Data/PlaybackEngines/WindowsStandaloneSupport/UnityEditor.WindowsStandalone.Extensions.dll
Registered in 0.001609 seconds.
- Loaded All Assemblies, in  0.310 seconds
Native extension for WindowsStandalone target not found
Package Manager log level set to [2]
ScheduleIndexationOnStartup MainProcess:False IndexOnStartup:False
Mono: successfully reloaded assembly
- Finished resetting the current domain, in  0.311 seconds
Domain Reload Profiling: 619ms
	BeginReloadAssembly (110ms)
		ExecutionOrderSort (0ms)
		DisableScriptedObjects (0ms)
		BackupInstance (0ms)
		ReleaseScriptingObjects (0ms)
		CreateAndSetChildDomain (13ms)
	RebuildCommonClasses (27ms)
	RebuildNativeTypeToScriptingClass (9ms)
	initialDomainReloadingComplete (34ms)
	LoadAllAssembliesAndSetupDomain (128ms)
		LoadAssemblies (95ms)
		RebuildTransferFunctionScriptingTraits (0ms)
		AnalyzeDomain (125ms)
			TypeCache.Refresh (124ms)
				TypeCache.ScanAssembly (115ms)
			BuildScriptInfoCaches (0ms)
			ResolveRequiredComponents (0ms)
	FinalizeReload (311ms)
		ReleaseScriptCaches (0ms)
		RebuildScriptCaches (0ms)
		SetupLoadedEditorAssemblies (281ms)
			LogAssemblyErrors (0ms)
			InitializePlatformSupportModulesInManaged (35ms)
			SetLoadedEditorAssemblies (3ms)
			BeforeProcessingInitializeOnLoad (62ms)
			ProcessInitializeOnLoadAttributes (116ms)
			ProcessInitializeOnLoadMethodAttributes (65ms)
			AfterProcessingInitializeOnLoad (0ms)
			EditorAssembliesLoaded (0ms)
		ExecutionOrderSort2 (0ms)
		AwakeInstancesAfterBackupRestoration (0ms)
[Licensing::Client] Successfully resolved entitlement details
Application.AssetDatabase Initial Refresh Start
[Package Manager] Restoring resolved packages state from cache
[Licensing::Client] Successfully resolved entitlement details
[Package Manager] Registered 7 packages:
  Built-in packages:
    com.unity.modules.animation@1.0.0 (location: C:\Users\tszki\Documents\DesktopPet\unity-client\Library\PackageCache\com.unity.modules.animation)
    com.unity.modules.director@1.0.0 (location: C:\Users\tszki\Documents\DesktopPet\unity-client\Library\PackageCache\com.unity.modules.director)
    com.unity.modules.imgui@1.0.0 (location: C:\Users\tszki\Documents\DesktopPet\unity-client\Library\PackageCache\com.unity.modules.imgui)
    com.unity.modules.physics@1.0.0 (location: C:\Users\tszki\Documents\DesktopPet\unity-client\Library\PackageCache\com.unity.modules.physics)
    com.unity.modules.screencapture@1.0.0 (location: C:\Users\tszki\Documents\DesktopPet\unity-client\Library\PackageCache\com.unity.modules.screencapture)
    com.unity.modules.imageconversion@1.0.0 (location: C:\Users\tszki\Documents\DesktopPet\unity-client\Library\PackageCache\com.unity.modules.imageconversion)
    com.unity.modules.audio@1.0.0 (location: C:\Users\tszki\Documents\DesktopPet\unity-client\Library\PackageCache\com.unity.modules.audio)
[Subsystems] No new subsystems found in resolved package list.
[Package Manager] Done registering packages in 0.01 seconds
[ScriptCompilation] Requested script compilation because: Assetdatabase observed changes in script compilation related files
Starting: C:\Program Files\Unity\Hub\Editor\6000.3.20f1\Editor\Data\Tools\BuildPipeline\bee_backend.exe --ipc --defer-dag-verification --dagfile="Library/Bee/1900b0aE.dag" --continue-on-failure --profile="Library/Bee/backend1.traceevents" ScriptAssemblies
WorkingDir: C:/Users/tszki/Documents/DesktopPet/unity-client
DisplayProgressbar: Compiling Scripts
ExitCode: 0 Duration: 0s200ms
[152/155    0s] Csc Library/Bee/artifacts/1900b0aE.dag/Assembly-CSharp-Editor.dll (+2 others)
[153/155    0s] CopyFiles Library/ScriptAssemblies/Assembly-CSharp-Editor.pdb
[154/155    0s] CopyFiles Library/ScriptAssemblies/Assembly-CSharp-Editor.dll
*** Tundra build success (0.17 seconds), 3 items updated, 155 evaluated
AssetDatabase: script compilation time: 0.562609s
Begin MonoManager ReloadAssembly
Total cache size 23822508
Total cache size after purge 23822508, took 00:00:00.0245887
- Loaded All Assemblies, in  0.218 seconds
Refreshing native plugins compatible for Editor in 0.00 ms, found 0 plugins.
Native extension for WindowsStandalone target not found
ScheduleIndexationOnStartup MainProcess:True IndexOnStartup:True
Mono: successfully reloaded assembly
- Finished resetting the current domain, in  0.353 seconds
Domain Reload Profiling: 569ms
	BeginReloadAssembly (148ms)
		ExecutionOrderSort (0ms)
		DisableScriptedObjects (17ms)
		BackupInstance (0ms)
		ReleaseScriptingObjects (0ms)
		CreateAndSetChildDomain (21ms)
	RebuildCommonClasses (32ms)
	RebuildNativeTypeToScriptingClass (10ms)
	initialDomainReloadingComplete (17ms)
	LoadAllAssembliesAndSetupDomain (9ms)
		LoadAssemblies (81ms)
		RebuildTransferFunctionScriptingTraits (0ms)
		AnalyzeDomain (6ms)
			TypeCache.Refresh (4ms)
				TypeCache.ScanAssembly (0ms)
			BuildScriptInfoCaches (1ms)
			ResolveRequiredComponents (0ms)
	FinalizeReload (354ms)
		ReleaseScriptCaches (0ms)
		RebuildScriptCaches (0ms)
		SetupLoadedEditorAssemblies (237ms)
			LogAssemblyErrors (0ms)
			InitializePlatformSupportModulesInManaged (18ms)
			SetLoadedEditorAssemblies (3ms)
			BeforeProcessingInitializeOnLoad (88ms)
			ProcessInitializeOnLoadAttributes (89ms)
			ProcessInitializeOnLoadMethodAttributes (34ms)
			AfterProcessingInitializeOnLoad (5ms)
			EditorAssembliesLoaded (0ms)
		ExecutionOrderSort2 (0ms)
		AwakeInstancesAfterBackupRestoration (23ms)
Start importing Assets/StandardCat/Source/cat_v2_tabby_plush.fbx using Guid(b4b0c565a8433d849a4820c3e50e8bbe) (FBXImporter)Launched and connected shader compiler UnityShaderCompiler.exe after 0.01 seconds
 -> (artifact id: '545cf6a550a5d261167599283156f710') in 0.1090549 seconds
Start importing Assets/StandardCat/StandardCat.prefab using Guid(a7976654634b7144f827ad10d143b94b) (PrefabImporter) -> (artifact id: 'e4c53df2292c09ab9cf191efe26eb7ff') in 0.0128495 seconds
Refreshing native plugins compatible for Editor in 0.00 ms, found 0 plugins.
Preloading 0 native plugins for Editor in 0.00 ms.
Asset Pipeline Refresh (id=f5120eee1e3bec44f9e029ee82466eef): Total: 1.389 seconds - Initiated by InitialRefreshV2(ForceSynchronousImport)
	Summary:
		Imports: total=2 (actual=2, local cache=0, cache server=0)
		Asset DB Process Time: managed=8 ms, native=535 ms
		Asset DB Callback time: managed=46 ms, native=9 ms
		Scripting: domain reloads=1, domain reload time=218 ms, compile time=564 ms, other=5 ms
		Project Asset Count: scripts=40, non-scripts=30
		Asset File Changes: new=0, changed=2, moved=0, deleted=0
		Scan Filter Count: 0
	InvokeCustomDependenciesCallbacks: 0.001ms
	InvokePackagesCallback: 9.512ms
	ApplyChangesToAssetFolders: 0.238ms
	Scan: 17.180ms
	OnSourceAssetsModified: 0.720ms
	CategorizeAssetsWithTransientArtifact: 0.056ms
	ProcessAssetsWithTransientArtifactChanges: 0.438ms
	CategorizeAssets: 0.303ms
	ImportOutOfDateAssets: 478.598ms (-209.995ms without children)
		ImportManagerImport: 124.225ms (1.781ms without children)
			ImportInProcess: 122.422ms
			UpdateCategorizedAssets: 0.022ms
		CompileScripts: 564.149ms
		ReloadNativeAssets: 0.000ms
		UnloadImportedAssets: 0.077ms
		ReloadImportedAssets: 0.000ms
		EnsureUptoDateAssetsAreRegisteredWithGuidPM: 0.009ms
		InitializingProgressBar: 0.005ms
		PostProcessAllAssetNotificationsAddChangedAssets: 0.000ms
		OnDemandSchedulerStart: 0.127ms
	PostProcessAllAssets: 47.831ms
	Hotreload: 0.470ms
	GatherAllCurrentPrimaryArtifactRevisions: 0.003ms
	UnloadStreamsBegin: 1.008ms
	PersistCurrentRevisions: 0.036ms
	UnloadStreamsEnd: 0.000ms
	GenerateScriptTypeHashes: 0.017ms
	Untracked: 832.560ms

Application.AssetDatabase Initial Refresh End
Scanning for USB devices : 5.848ms
Initializing Unity extensions:
[MODES] ModeService[none].Initialize
[MODES] ModeService[none].LoadModes
[MODES] Loading mode Default (0) for mode-current-id-Your Cat Desktop Pet
Unloading 4 Unused Serialized files (Serialized files now loaded: 0)
Unloading 25 unused Assets / (509.4 KB). Loaded Objects now: 652.
Memory consumption went from 124.8 MB to 124.3 MB.
Total: 3.595800 ms (FindLiveObjects: 0.034000 ms CreateObjectMapping: 0.003000 ms MarkObjects: 3.392300 ms  DeleteObjects: 0.165400 ms)

Refreshing native plugins compatible for Editor in 0.00 ms, found 0 plugins.
Preloading 0 native plugins for Editor in 0.00 ms.
Asset Pipeline Refresh (id=5be2eaa959bd61e4c9743b1f64c64164): Total: 0.027 seconds - Initiated by StopAssetImportingV2(NoUpdateAssetOptions)
Refreshing native plugins compatible for Editor in 0.00 ms, found 0 plugins.
Preloading 0 native plugins for Editor in 0.00 ms.
Asset Pipeline Refresh (id=feca9835b180f434ba8d7759ea15a082): Total: 0.013 seconds - Initiated by StopAssetImportingV2(NoUpdateAssetOptions)
Refreshing native plugins compatible for Editor in 0.00 ms, found 0 plugins.
Preloading 0 native plugins for Editor in 0.00 ms.
Asset Pipeline Refresh (id=0182437f19d7ac74aa7861c642633031): Total: 0.016 seconds - Initiated by StopAssetImportingV2(NoUpdateAssetOptions)
Refreshing native plugins compatible for Editor in 0.00 ms, found 0 plugins.
Preloading 0 native plugins for Editor in 0.00 ms.
Asset Pipeline Refresh (id=2ad21e6e4964f0e4a9e68ffff814b601): Total: 0.006 seconds - Initiated by StopAssetImportingV2(NoUpdateAssetOptions)
Refreshing native plugins compatible for Editor in 0.00 ms, found 0 plugins.
Preloading 0 native plugins for Editor in 0.00 ms.
Asset Pipeline Refresh (id=e5b0a3e2c4ffdcc4ea19db9d76499771): Total: 0.012 seconds - Initiated by StopAssetImportingV2(NoUpdateAssetOptions)
Refreshing native plugins compatible for Editor in 0.00 ms, found 0 plugins.
Preloading 0 native plugins for Editor in 0.00 ms.
Asset Pipeline Refresh (id=0529959e2d460114fbeff186e1f2be85): Total: 0.008 seconds - Initiated by StopAssetImportingV2(NoUpdateAssetOptions)
Refreshing native plugins compatible for Editor in 0.00 ms, found 0 plugins.
Preloading 0 native plugins for Editor in 0.00 ms.
Asset Pipeline Refresh (id=5f4e69e8799a9a445bcee6a899918b6a): Total: 0.011 seconds - Initiated by StopAssetImportingV2(NoUpdateAssetOptions)
Refreshing native plugins compatible for Editor in 0.00 ms, found 0 plugins.
Preloading 0 native plugins for Editor in 0.00 ms.
Asset Pipeline Refresh (id=19863b1de1cb5704a84912f975f38415): Total: 0.006 seconds - Initiated by StopAssetImportingV2(NoUpdateAssetOptions)
Refreshing native plugins compatible for Editor in 0.00 ms, found 0 plugins.
Preloading 0 native plugins for Editor in 0.00 ms.
Asset Pipeline Refresh (id=518eb594d5285fc46b46058b066fb422): Total: 0.011 seconds - Initiated by StopAssetImportingV2(NoUpdateAssetOptions)
Refreshing native plugins compatible for Editor in 0.00 ms, found 0 plugins.
Preloading 0 native plugins for Editor in 0.00 ms.
Asset Pipeline Refresh (id=d0e905e4a4282694b8cd414fc29150e3): Total: 0.008 seconds - Initiated by StopAssetImportingV2(NoUpdateAssetOptions)
Start importing Assets/StandardCat/Sleep.anim using Guid(23c7908d365e9a24aaf683e3856b0d94) (NativeFormatImporter) -> (artifact id: '91957679eece148b69c19f210bcb112c') in 0.0018816 seconds
Refreshing native plugins compatible for Editor in 0.00 ms, found 0 plugins.
Preloading 0 native plugins for Editor in 0.00 ms.
Asset Pipeline Refresh (id=55a10b9f925311547a4563468a43113f): Total: 0.014 seconds - Initiated by StopAssetImportingV2(NoUpdateAssetOptions)
Refreshing native plugins compatible for Editor in 0.00 ms, found 0 plugins.
Preloading 0 native plugins for Editor in 0.00 ms.
Asset Pipeline Refresh (id=af5a314313e1b6140819566188bca4f1): Total: 0.006 seconds - Initiated by StopAssetImportingV2(NoUpdateAssetOptions)
Refreshing native plugins compatible for Editor in 0.00 ms, found 0 plugins.
Preloading 0 native plugins for Editor in 0.00 ms.
Asset Pipeline Refresh (id=2d56f46ecfdfbf5498ac2765923f1ff0): Total: 0.010 seconds - Initiated by StopAssetImportingV2(NoUpdateAssetOptions)
Refreshing native plugins compatible for Editor in 0.00 ms, found 0 plugins.
Preloading 0 native plugins for Editor in 0.00 ms.
Asset Pipeline Refresh (id=085ac707de9e11446a099f0bf8dd6488): Total: 0.006 seconds - Initiated by StopAssetImportingV2(NoUpdateAssetOptions)
Refreshing native plugins compatible for Editor in 0.00 ms, found 0 plugins.
Preloading 0 native plugins for Editor in 0.00 ms.
Asset Pipeline Refresh (id=fe13f9348263a48479215ca08f6f73e8): Total: 0.011 seconds - Initiated by StopAssetImportingV2(NoUpdateAssetOptions)
Start importing Assets/StandardCat/StandardCat.controller using Guid(81317f1163a17a1419e0db7fbf781d01) (NativeFormatImporter) -> (artifact id: '87b91bb4671f17766c89477eff555143') in 0.0016193 seconds
Refreshing native plugins compatible for Editor in 0.00 ms, found 0 plugins.
Preloading 0 native plugins for Editor in 0.00 ms.
Asset Pipeline Refresh (id=24f4edc34bffb414e87606e7508c91cc): Total: 0.009 seconds - Initiated by StopAssetImportingV2(NoUpdateAssetOptions)
Start importing Assets/StandardCat/StandardCat.prefab using Guid(a7976654634b7144f827ad10d143b94b) (PrefabImporter) -> (artifact id: '86f40ed6eb5c88324fa08b6494280853') in 0.0052336 seconds
Refreshing native plugins compatible for Editor in 0.00 ms, found 0 plugins.
Preloading 0 native plugins for Editor in 0.00 ms.
Asset Pipeline Refresh (id=8eaf676cc17dcfb46807b137f56ea84b): Total: 0.014 seconds - Initiated by StopAssetImportingV2(NoUpdateAssetOptions)
Start importing Assets/StandardCat/StandardCatTabby.mat using Guid(61ee102adec486043ab91705cc172f93) (NativeFormatImporter) -> (artifact id: 'fed7e3dcc7ac69f1fa85a62bedf6feca') in 0.0015224 seconds
Start importing Assets/StandardCat/StandardCat.controller using Guid(81317f1163a17a1419e0db7fbf781d01) (NativeFormatImporter) -> (artifact id: '1cfdb799368e2ef5b78fa4ffb4f1b004') in 0.0012693 seconds
Refreshing native plugins compatible for Editor in 0.00 ms, found 0 plugins.
Preloading 0 native plugins for Editor in 0.00 ms.
Asset Pipeline Refresh (id=5ee386551c3664a44b3688c60227175e): Total: 0.009 seconds - Initiated by StopAssetImportingV2(NoUpdateAssetOptions)
Asset Pipeline Refresh (id=365aad1b1f4723142be26cb5963db6d2): Total: 0.012 seconds - Initiated by RefreshV2(NoUpdateAssetOptions)
Created anatomically rigged cat prefab at Assets/StandardCat/StandardCat.prefab
UnityEngine.Debug:ExtractStackTraceNoAlloc (byte*,int,string)
UnityEngine.StackTraceUtility:ExtractStackTrace ()
UnityEngine.DebugLogHandler:Internal_Log (UnityEngine.LogType,UnityEngine.LogOption,string,UnityEngine.Object)
UnityEngine.DebugLogHandler:LogFormat (UnityEngine.LogType,UnityEngine.Object,string,object[])
UnityEngine.Logger:Log (UnityEngine.LogType,object)
UnityEngine.Debug:Log (object)
YourCat.DesktopPet.Editor.StandardCatBuilder:Create () (at Assets/Editor/StandardCatBuilder.cs:62)
YourCat.DesktopPet.Editor.CatVisualRegressionTest:Render () (at Assets/Editor/CatVisualRegressionTest.cs:12)

(Filename: Assets/Editor/StandardCatBuilder.cs Line: 62)

Unloading 0 Unused Serialized files (Serialized files now loaded: 0)
Unloading 657 unused Assets / (0.8 MB). Loaded Objects now: 652.
Memory consumption went from 125.3 MB to 124.5 MB.
Total: 3.287600 ms (FindLiveObjects: 0.045700 ms CreateObjectMapping: 0.010200 ms MarkObjects: 2.819900 ms  DeleteObjects: 0.410900 ms)

CAT_BONE Model position=(0.00, 0.00, 0.00) rotation=(0.00, 0.00, 0.00) scale=(96.79, 96.79, 96.79)
UnityEngine.Debug:ExtractStackTraceNoAlloc (byte*,int,string)
UnityEngine.StackTraceUtility:ExtractStackTrace ()
UnityEngine.DebugLogHandler:Internal_Log (UnityEngine.LogType,UnityEngine.LogOption,string,UnityEngine.Object)
UnityEngine.DebugLogHandler:LogFormat (UnityEngine.LogType,UnityEngine.Object,string,object[])
UnityEngine.Logger:Log (UnityEngine.LogType,object)
UnityEngine.Debug:Log (object)
YourCat.DesktopPet.Editor.CatVisualRegressionTest:Render () (at Assets/Editor/CatVisualRegressionTest.cs:21)

(Filename: Assets/Editor/CatVisualRegressionTest.cs Line: 21)

CAT_BONE root position=(0.00, 0.01, 0.00) rotation=(270.02, 0.00, 0.00) scale=(1.00, 1.00, 1.00)
UnityEngine.Debug:ExtractStackTraceNoAlloc (byte*,int,string)
UnityEngine.StackTraceUtility:ExtractStackTrace ()
UnityEngine.DebugLogHandler:Internal_Log (UnityEngine.LogType,UnityEngine.LogOption,string,UnityEngine.Object)
UnityEngine.DebugLogHandler:LogFormat (UnityEngine.LogType,UnityEngine.Object,string,object[])
UnityEngine.Logger:Log (UnityEngine.LogType,object)
UnityEngine.Debug:Log (object)
YourCat.DesktopPet.Editor.CatVisualRegressionTest:Render () (at Assets/Editor/CatVisualRegressionTest.cs:21)

(Filename: Assets/Editor/CatVisualRegressionTest.cs Line: 21)

CAT_BONE butt position=(0.01, 0.00, 0.00) rotation=(0.00, 0.00, 0.00) scale=(1.00, 1.00, 1.00)
UnityEngine.Debug:ExtractStackTraceNoAlloc (byte*,int,string)
UnityEngine.StackTraceUtility:ExtractStackTrace ()
UnityEngine.DebugLogHandler:Internal_Log (UnityEngine.LogType,UnityEngine.LogOption,string,UnityEngine.Object)
UnityEngine.DebugLogHandler:LogFormat (UnityEngine.LogType,UnityEngine.Object,string,object[])
UnityEngine.Logger:Log (UnityEngine.LogType,object)
UnityEngine.Debug:Log (object)
YourCat.DesktopPet.Editor.CatVisualRegressionTest:Render () (at Assets/Editor/CatVisualRegressionTest.cs:21)

(Filename: Assets/Editor/CatVisualRegressionTest.cs Line: 21)

CAT_BONE belly position=(-0.01, 0.00, 0.00) rotation=(0.00, 0.00, 0.00) scale=(1.00, 1.00, 1.00)
UnityEngine.Debug:ExtractStackTraceNoAlloc (byte*,int,string)
UnityEngine.StackTraceUtility:ExtractStackTrace ()
UnityEngine.DebugLogHandler:Internal_Log (UnityEngine.LogType,UnityEngine.LogOption,string,UnityEngine.Object)
UnityEngine.DebugLogHandler:LogFormat (UnityEngine.LogType,UnityEngine.Object,string,object[])
UnityEngine.Logger:Log (UnityEngine.LogType,object)
UnityEngine.Debug:Log (object)
YourCat.DesktopPet.Editor.CatVisualRegressionTest:Render () (at Assets/Editor/CatVisualRegressionTest.cs:21)

(Filename: Assets/Editor/CatVisualRegressionTest.cs Line: 21)

CAT_BONE L_BLeg_Upper position=(0.00, 0.00, 0.00) rotation=(0.00, 0.00, 0.00) scale=(1.00, 1.00, 1.00)
UnityEngine.Debug:ExtractStackTraceNoAlloc (byte*,int,string)
UnityEngine.StackTraceUtility:ExtractStackTrace ()
UnityEngine.DebugLogHandler:Internal_Log (UnityEngine.LogType,UnityEngine.LogOption,string,UnityEngine.Object)
UnityEngine.DebugLogHandler:LogFormat (UnityEngine.LogType,UnityEngine.Object,string,object[])
UnityEngine.Logger:Log (UnityEngine.LogType,object)
UnityEngine.Debug:Log (object)
YourCat.DesktopPet.Editor.CatVisualRegressionTest:Render () (at Assets/Editor/CatVisualRegressionTest.cs:21)

(Filename: Assets/Editor/CatVisualRegressionTest.cs Line: 21)

CAT_BONE L_BLeg_Lower position=(0.00, 0.00, 0.00) rotation=(0.00, 0.00, 0.00) scale=(1.00, 1.00, 1.00)
UnityEngine.Debug:ExtractStackTraceNoAlloc (byte*,int,string)
UnityEngine.StackTraceUtility:ExtractStackTrace ()
UnityEngine.DebugLogHandler:Internal_Log (UnityEngine.LogType,UnityEngine.LogOption,string,UnityEngine.Object)
UnityEngine.DebugLogHandler:LogFormat (UnityEngine.LogType,UnityEngine.Object,string,object[])
UnityEngine.Logger:Log (UnityEngine.LogType,object)
UnityEngine.Debug:Log (object)
YourCat.DesktopPet.Editor.CatVisualRegressionTest:Render () (at Assets/Editor/CatVisualRegressionTest.cs:21)

(Filename: Assets/Editor/CatVisualRegressionTest.cs Line: 21)

Releasing render texture that is set to be RenderTexture.active!
UnityEngine.Debug:ExtractStackTraceNoAlloc (byte*,int,string)
UnityEngine.StackTraceUtility:ExtractStackTrace ()
UnityEngine.RenderTexture:Release ()
YourCat.DesktopPet.Editor.CatVisualRegressionTest:Render () (at Assets/Editor/CatVisualRegressionTest.cs:62)

[Assets/Editor/CatVisualRegressionTest.cs line 62]

Releasing render texture that is set as Camera.targetTexture!
UnityEngine.Debug:ExtractStackTraceNoAlloc (byte*,int,string)
UnityEngine.StackTraceUtility:ExtractStackTrace ()
UnityEngine.Object:DestroyImmediate (UnityEngine.Object,bool)
UnityEngine.Object:DestroyImmediate (UnityEngine.Object)
YourCat.DesktopPet.Editor.CatVisualRegressionTest:Render () (at Assets/Editor/CatVisualRegressionTest.cs:63)

[Assets/Editor/CatVisualRegressionTest.cs line 63]

CAT_VISUAL_BOUNDS center=(-0.18, 1.33, 0.00) size=(4.64, 2.65, 1.06)
UnityEngine.Debug:ExtractStackTraceNoAlloc (byte*,int,string)
UnityEngine.StackTraceUtility:ExtractStackTrace ()
UnityEngine.DebugLogHandler:Internal_Log (UnityEngine.LogType,UnityEngine.LogOption,string,UnityEngine.Object)
UnityEngine.DebugLogHandler:LogFormat (UnityEngine.LogType,UnityEngine.Object,string,object[])
UnityEngine.Logger:Log (UnityEngine.LogType,object)
UnityEngine.Debug:Log (object)
YourCat.DesktopPet.Editor.CatVisualRegressionTest:Render () (at Assets/Editor/CatVisualRegressionTest.cs:64)

(Filename: Assets/Editor/CatVisualRegressionTest.cs Line: 64)

Batchmode quit successfully invoked - shutting down!
[Physics::Module] Cleanup current backend.
[Physics::Module] Id: 0xf2b8ea05
Input System module state changed to: ShutdownInProgress.
Input System polling thread exited.
Input System module state changed to: Shutdown.
[Licensing::IpcConnector] LicenseClient-tszki-notifications channel disconnected successfully.
[Licensing::IpcConnector] LicenseClient-tszki channel disconnected successfully.
AcceleratorClientConnectionCallback - disconnected - :0
Cleanup mono
Exiting batchmode successfully now!
Exiting without the bug reporter. Application will terminate with return code 0