[Licensing::Module] Trying to connect to existing licensing client channel...
Built from '6000.3/staging' branch; Version is '6000.3.20f1 (c9ba695d4f07) revision 13220457'; Using compiler version '194234433'; Build Type 'Release'
[Licensing::IpcConnector] Channel LicenseClient-tszki doesn't exist
OS: 'Windows 11  (10.0.26200) Professional' Language: 'zh' Physical Memory: 32544 MB
BatchMode: 1, IsHumanControllingUs: 0, StartBugReporterOnCrash: 0, Is64bit: 1
System  architecture: x64
Process architecture: x64
Date: 2026-07-29T07:21:34Z
[Licensing::Module] Successfully launched the LicensingClient (PId: 7788)

COMMAND LINE ARGUMENTS:
C:\Program Files\Unity\Hub\Editor\6000.3.20f1\Editor\Unity.exe
-batchmode
-quit
-projectPath
C:\Users\tszki\Documents\DesktopPet\unity-client
-executeMethod
YourCat.DesktopPet.Editor.CatVisualRegressionTest.Render
-logFile
C:\Users\tszki\Documents\DesktopPet\Build\cat-v2-refined-final-render.log
Successfully changed project path to: C:\Users\tszki\Documents\DesktopPet\unity-client
C:/Users/tszki/Documents/DesktopPet/unity-client
[UnityMemory] Configuration Parameters - Can be set up in boot.config
    "memorysetup-temp-allocator-size-nav-mesh-worker=65536"
    "memorysetup-temp-allocator-size-audio-worker=65536"
    "memorysetup-temp-allocator-size-gfx=262144"
    "memorysetup-allocator-temp-initial-block-size-main=262144"
    "memorysetup-allocator-temp-initial-block-size-worker=262144"
    "memorysetup-temp-allocator-size-background-worker=32768"
    "memorysetup-temp-allocator-size-job-worker=262144"
    "memorysetup-temp-allocator-size-preload-manager=33554432"
    "memorysetup-temp-allocator-size-gi-baking-worker=262144"
    "memorysetup-temp-allocator-size-gi-baking-worker=262144"
    "memorysetup-temp-allocator-size-gi-baking-worker=262144"
    "memorysetup-temp-allocator-size-gi-baking-worker=262144"
    "memorysetup-temp-allocator-size-gi-baking-worker=262144"
    "memorysetup-bucket-allocator-granularity=16"
    "memorysetup-bucket-allocator-bucket-count=8"
    "memorysetup-bucket-allocator-block-size=33554432"
    "memorysetup-bucket-allocator-block-count=8"
    "memorysetup-main-allocator-block-size=16777216"
    "memorysetup-thread-allocator-block-size=16777216"
    "memorysetup-gfx-main-allocator-block-size=16777216"
    "memorysetup-gfx-thread-allocator-block-size=16777216"
    "memorysetup-cache-allocator-block-size=4194304"
    "memorysetup-typetree-allocator-block-size=2097152"
    "memorysetup-profiler-bucket-allocator-granularity=16"
    "memorysetup-profiler-bucket-allocator-bucket-count=8"
    "memorysetup-profiler-bucket-allocator-block-size=33554432"
    "memorysetup-profiler-bucket-allocator-block-count=8"
    "memorysetup-profiler-allocator-block-size=16777216"
    "memorysetup-profiler-editor-allocator-block-size=1048576"
    "memorysetup-temp-allocator-size-main=16777216"
    "memorysetup-job-temp-allocator-block-size=2097152"
    "memorysetup-job-temp-allocator-block-size-background=1048576"
    "memorysetup-job-temp-allocator-reduction-small-platforms=262144"
    "memorysetup-temp-allocator-size-cloud-worker=32768"
Player connection [35328]  Target information:

Player connection [35328]  * "[IP] 192.168.0.144 [Port] 55504 [Flags] 2 [Guid] 1847900675 [EditorId] 1847900675 [Version] 1048832 [Id] WindowsEditor(7,KennyPC) [Debug] 1 [PackageName] WindowsEditor [ProjectName] Editor" 

Player connection [35328] Host joined multi-casting on [225.0.0.222:54997]...
Player connection [35328] Host joined alternative multi-casting on [225.0.0.222:34997]...
Input System module state changed to: Initialized.
[Physics::Module] Initialized fallback backend.
[Physics::Module] Id: 0xdecafbad
[Licensing::IpcConnector] Successfully connected to: "LicenseClient-tszki" at "2026-07-29T07:21:34.8950978Z"
[Licensing::Client] Code 10 while verifying Licensing Client signature (process Id: 7788, path: "C:/Program Files/Unity/Hub/Editor/6000.3.20f1/Editor/Data/Resources/Licensing/Client/Unity.Licensing.Client.exe")
[Licensing::Module] LicensingClient has failed validation; ignoring
[Package Manager] Connected to IPC stream "Upm-27104" after 0.2 seconds.
[Licensing::Module] Licensing is not yet initialized.
[Licensing::Client] Handshaking with LicensingClient:
  Version:                 1.18.1+9fbee8e
  Session Id:              f4af06f4a5ea4daba7a2a78efac1c912
  Correlation Id:          65a0b7f446a42c5b7804acf91a8d624f
  External correlation Id: 4252115693713092337
  Machine Id:              0yPGB7mYeUqwFVS7JR/iRTvLH5Q=
[Licensing::Module] Successfully connected to LicensingClient on channel: "LicenseClient-tszki" (connect: 0.24s, validation: 0.15s, handshake: 0.04s)
[Licensing::IpcConnector] Successfully connected to: "LicenseClient-tszki-notifications" at "2026-07-29T07:21:35.0812588Z"
[Licensing::Module] Connected to LicensingClient (PId: 7788, launch time: 0.00, total connection time: 0.43s)
[Licensing::Module] Error: Access token is unavailable; failed to update
[Licensing::Client] Successfully resolved entitlement details
[Licensing::Module] License group:
  Id: 20067628948337-UnityPersXXXX
  Product: Unity Personal
  Type: Assigned
  Expiration: Unlimited
[Licensing::Client] Successfully updated license, isAsync: True, time: 0.01
[Licensing::Client] Successfully resolved entitlement details
[Licensing::Module] Licensing Background thread has ended after 0.48s
[Licensing::Module] Licensing is initialized (took 0.07s).
[Licensing::Client] Successfully resolved entitlement details
Library Redirect Path: Library/
[Physics::Module] Selected backend.
[Physics::Module] Name: PhysX
[Physics::Module] Id: 0xf2b8ea05
[Physics::Module] SDK Version: 4.1.2
[Physics::Module] Integration Version: 1.0.0
[Physics::Module] Threading Mode: Multi-Threaded
Artifact Garbage Collection - Removed 3 unused hashed content files
Refreshing native plugins compatible for Editor in 0.00 ms, found 0 plugins.
Preloading 0 native plugins for Editor in 0.00 ms.
Initialize engine version: 6000.3.20f1 (c9ba695d4f07)
[Subsystems] Discovering subsystems at path C:/Program Files/Unity/Hub/Editor/6000.3.20f1/Editor/Data/Resources/UnitySubsystems
[Subsystems] Discovering subsystems at path C:/Users/tszki/Documents/DesktopPet/unity-client/Assets
GfxDevice: creating device client; kGfxThreadingModeNonThreaded
Direct3D:
    Version:  Direct3D 11.0 [level 11.1]
    Renderer: NVIDIA GeForce RTX 4090 (ID=0x2684)
    Vendor:   NVIDIA
    VRAM:     22608 MB
    Driver:   32.0.16.1062
Initialize mono
Mono path[0] = 'C:/Program Files/Unity/Hub/Editor/6000.3.20f1/Editor/Data/Managed'
Mono path[1] = 'C:/Program Files/Unity/Hub/Editor/6000.3.20f1/Editor/Data/MonoBleedingEdge/lib/mono/unityjit-win32'
Mono config path = 'C:/Program Files/Unity/Hub/Editor/6000.3.20f1/Editor/Data/MonoBleedingEdge/etc'
Using monoOptions --debugger-agent=transport=dt_socket,embedding=1,server=y,suspend=n,address=127.0.0.1:56104
Using cacheserver namespaces - metadata:defaultmetadata, artifacts:defaultartifacts
Using cacheserver namespaces - metadata:defaultmetadata, artifacts:defaultartifacts
ImportWorker Server TCP listen port: 0
AcceleratorClientConnectionCallback - disconnected - :0
Begin MonoManager ReloadAssembly
Registering precompiled unity dll's ...
Register platform support module: C:/Program Files/Unity/Hub/Editor/6000.3.20f1/Editor/Data/PlaybackEngines/WindowsStandaloneSupport/UnityEditor.WindowsStandalone.Extensions.dll
Registered in 0.001457 seconds.
- Loaded All Assemblies, in  0.295 seconds
Native extension for WindowsStandalone target not found
Package Manager log level set to [2]
ScheduleIndexationOnStartup MainProcess:False IndexOnStartup:False
Mono: successfully reloaded assembly
- Finished resetting the current domain, in  0.287 seconds
Domain Reload Profiling: 581ms
	BeginReloadAssembly (110ms)
		ExecutionOrderSort (0ms)
		DisableScriptedObjects (0ms)
		BackupInstance (0ms)
		ReleaseScriptingObjects (0ms)
		CreateAndSetChildDomain (17ms)
	RebuildCommonClasses (26ms)
	RebuildNativeTypeToScriptingClass (9ms)
	initialDomainReloadingComplete (32ms)
	LoadAllAssembliesAndSetupDomain (116ms)
		LoadAssemblies (90ms)
		RebuildTransferFunctionScriptingTraits (0ms)
		AnalyzeDomain (114ms)
			TypeCache.Refresh (113ms)
				TypeCache.ScanAssembly (103ms)
			BuildScriptInfoCaches (0ms)
			ResolveRequiredComponents (0ms)
	FinalizeReload (288ms)
		ReleaseScriptCaches (0ms)
		RebuildScriptCaches (0ms)
		SetupLoadedEditorAssemblies (261ms)
			LogAssemblyErrors (0ms)
			InitializePlatformSupportModulesInManaged (31ms)
			SetLoadedEditorAssemblies (3ms)
			BeforeProcessingInitializeOnLoad (58ms)
			ProcessInitializeOnLoadAttributes (95ms)
			ProcessInitializeOnLoadMethodAttributes (75ms)
			AfterProcessingInitializeOnLoad (0ms)
			EditorAssembliesLoaded (0ms)
		ExecutionOrderSort2 (0ms)
		AwakeInstancesAfterBackupRestoration (0ms)
[Licensing::Client] Successfully resolved entitlement details
Application.AssetDatabase Initial Refresh Start
[Package Manager] Restoring resolved packages state from cache
[Licensing::Client] Successfully resolved entitlement details
[Package Manager] Registered 7 packages:
  Built-in packages:
    com.unity.modules.animation@1.0.0 (location: C:\Users\tszki\Documents\DesktopPet\unity-client\Library\PackageCache\com.unity.modules.animation)
    com.unity.modules.director@1.0.0 (location: C:\Users\tszki\Documents\DesktopPet\unity-client\Library\PackageCache\com.unity.modules.director)
    com.unity.modules.imgui@1.0.0 (location: C:\Users\tszki\Documents\DesktopPet\unity-client\Library\PackageCache\com.unity.modules.imgui)
    com.unity.modules.physics@1.0.0 (location: C:\Users\tszki\Documents\DesktopPet\unity-client\Library\PackageCache\com.unity.modules.physics)
    com.unity.modules.screencapture@1.0.0 (location: C:\Users\tszki\Documents\DesktopPet\unity-client\Library\PackageCache\com.unity.modules.screencapture)
    com.unity.modules.imageconversion@1.0.0 (location: C:\Users\tszki\Documents\DesktopPet\unity-client\Library\PackageCache\com.unity.modules.imageconversion)
    com.unity.modules.audio@1.0.0 (location: C:\Users\tszki\Documents\DesktopPet\unity-client\Library\PackageCache\com.unity.modules.audio)
[Subsystems] No new subsystems found in resolved package list.
[Package Manager] Done registering packages in 0.00 seconds
[ScriptCompilation] Requested script compilation because: Assetdatabase observed changes in script compilation related files
Starting: C:\Program Files\Unity\Hub\Editor\6000.3.20f1\Editor\Data\Tools\BuildPipeline\bee_backend.exe --ipc --defer-dag-verification --dagfile="Library/Bee/1900b0aE.dag" --continue-on-failure --profile="Library/Bee/backend1.traceevents" ScriptAssemblies
WorkingDir: C:/Users/tszki/Documents/DesktopPet/unity-client
DisplayProgressbar: Compiling Scripts
ExitCode: 0 Duration: 0s172ms
[152/155    0s] Csc Library/Bee/artifacts/1900b0aE.dag/Assembly-CSharp-Editor.dll (+2 others)
[153/155    0s] CopyFiles Library/ScriptAssemblies/Assembly-CSharp-Editor.pdb
[154/155    0s] CopyFiles Library/ScriptAssemblies/Assembly-CSharp-Editor.dll
*** Tundra build success (0.15 seconds), 3 items updated, 155 evaluated
AssetDatabase: script compilation time: 0.510448s
Begin MonoManager ReloadAssembly
Total cache size 23822508
Total cache size after purge 23822508, took 00:00:00.0230097
- Loaded All Assemblies, in  0.203 seconds
Refreshing native plugins compatible for Editor in 0.00 ms, found 0 plugins.
Native extension for WindowsStandalone target not found
ScheduleIndexationOnStartup MainProcess:True IndexOnStartup:True
Mono: successfully reloaded assembly
- Finished resetting the current domain, in  0.333 seconds
Domain Reload Profiling: 534ms
	BeginReloadAssembly (144ms)
		ExecutionOrderSort (0ms)
		DisableScriptedObjects (17ms)
		BackupInstance (0ms)
		ReleaseScriptingObjects (0ms)
		CreateAndSetChildDomain (24ms)
	RebuildCommonClasses (25ms)
	RebuildNativeTypeToScriptingClass (9ms)
	initialDomainReloadingComplete (15ms)
	LoadAllAssembliesAndSetupDomain (8ms)
		LoadAssemblies (75ms)
		RebuildTransferFunctionScriptingTraits (0ms)
		AnalyzeDomain (5ms)
			TypeCache.Refresh (3ms)
				TypeCache.ScanAssembly (0ms)
			BuildScriptInfoCaches (0ms)
			ResolveRequiredComponents (0ms)
	FinalizeReload (334ms)
		ReleaseScriptCaches (0ms)
		RebuildScriptCaches (0ms)
		SetupLoadedEditorAssemblies (218ms)
			LogAssemblyErrors (0ms)
			InitializePlatformSupportModulesInManaged (24ms)
			SetLoadedEditorAssemblies (4ms)
			BeforeProcessingInitializeOnLoad (80ms)
			ProcessInitializeOnLoadAttributes (79ms)
			ProcessInitializeOnLoadMethodAttributes (27ms)
			AfterProcessingInitializeOnLoad (5ms)
			EditorAssembliesLoaded (0ms)
		ExecutionOrderSort2 (0ms)
		AwakeInstancesAfterBackupRestoration (25ms)
Start importing Assets/StandardCat/Source/cat_v2_tabby_plush.fbx using Guid(b4b0c565a8433d849a4820c3e50e8bbe) (FBXImporter)Launched and connected shader compiler UnityShaderCompiler.exe after 0.01 seconds
 -> (artifact id: '88e191f1fbac084fb5460b39e37e8ec1') in 0.0960858 seconds
Start importing Assets/StandardCat/StandardCat.prefab using Guid(a7976654634b7144f827ad10d143b94b) (PrefabImporter) -> (artifact id: '16d9e5da728194fe8aad202ede39dc4c') in 0.0110703 seconds
Refreshing native plugins compatible for Editor in 0.00 ms, found 0 plugins.
Preloading 0 native plugins for Editor in 0.00 ms.
Asset Pipeline Refresh (id=d6799189f891bea4188f64464e628680): Total: 1.278 seconds - Initiated by InitialRefreshV2(ForceSynchronousImport)
	Summary:
		Imports: total=2 (actual=2, local cache=0, cache server=0)
		Asset DB Process Time: managed=7 ms, native=498 ms
		Asset DB Callback time: managed=44 ms, native=7 ms
		Scripting: domain reloads=1, domain reload time=203 ms, compile time=512 ms, other=5 ms
		Project Asset Count: scripts=40, non-scripts=30
		Asset File Changes: new=0, changed=2, moved=0, deleted=0
		Scan Filter Count: 0
	InvokeCustomDependenciesCallbacks: 0.001ms
	InvokePackagesCallback: 7.212ms
	ApplyChangesToAssetFolders: 0.183ms
	Scan: 14.777ms
	OnSourceAssetsModified: 0.657ms
	CategorizeAssetsWithTransientArtifact: 0.054ms
	ProcessAssetsWithTransientArtifactChanges: 0.451ms
	CategorizeAssets: 0.290ms
	ImportOutOfDateAssets: 443.646ms (-177.533ms without children)
		ImportManagerImport: 109.017ms (1.388ms without children)
			ImportInProcess: 107.608ms
			UpdateCategorizedAssets: 0.022ms
		CompileScripts: 511.784ms
		ReloadNativeAssets: 0.000ms
		UnloadImportedAssets: 0.233ms
		ReloadImportedAssets: 0.000ms
		EnsureUptoDateAssetsAreRegisteredWithGuidPM: 0.011ms
		InitializingProgressBar: 0.005ms
		PostProcessAllAssetNotificationsAddChangedAssets: 0.001ms
		OnDemandSchedulerStart: 0.128ms
	PostProcessAllAssets: 44.791ms
	Hotreload: 0.805ms
	GatherAllCurrentPrimaryArtifactRevisions: 0.002ms
	UnloadStreamsBegin: 0.932ms
	PersistCurrentRevisions: 0.038ms
	UnloadStreamsEnd: 0.001ms
	GenerateScriptTypeHashes: 0.015ms
	Untracked: 764.308ms

Application.AssetDatabase Initial Refresh End
Scanning for USB devices : 5.700ms
Initializing Unity extensions:
[MODES] ModeService[none].Initialize
[MODES] ModeService[none].LoadModes
[MODES] Loading mode Default (0) for mode-current-id-Your Cat Desktop Pet
Unloading 4 Unused Serialized files (Serialized files now loaded: 0)
Unloading 25 unused Assets / (509.2 KB). Loaded Objects now: 652.
Memory consumption went from 124.7 MB to 124.2 MB.
Total: 3.211100 ms (FindLiveObjects: 0.029100 ms CreateObjectMapping: 0.003300 ms MarkObjects: 3.030700 ms  DeleteObjects: 0.147000 ms)

Refreshing native plugins compatible for Editor in 0.00 ms, found 0 plugins.
Preloading 0 native plugins for Editor in 0.00 ms.
Asset Pipeline Refresh (id=7ab02ddc107f41a4c87e0f30dd08cd40): Total: 0.024 seconds - Initiated by StopAssetImportingV2(NoUpdateAssetOptions)
Refreshing native plugins compatible for Editor in 0.00 ms, found 0 plugins.
Preloading 0 native plugins for Editor in 0.00 ms.
Asset Pipeline Refresh (id=3adad3a7e4b7507438bb22ea714ef21f): Total: 0.010 seconds - Initiated by StopAssetImportingV2(NoUpdateAssetOptions)
Refreshing native plugins compatible for Editor in 0.00 ms, found 0 plugins.
Preloading 0 native plugins for Editor in 0.00 ms.
Asset Pipeline Refresh (id=6d0560adf9ce11c4485820d3706ee668): Total: 0.011 seconds - Initiated by StopAssetImportingV2(NoUpdateAssetOptions)
Refreshing native plugins compatible for Editor in 0.00 ms, found 0 plugins.
Preloading 0 native plugins for Editor in 0.00 ms.
Asset Pipeline Refresh (id=172628d36398f1d44a1ea3d5b90b527b): Total: 0.006 seconds - Initiated by StopAssetImportingV2(NoUpdateAssetOptions)
Refreshing native plugins compatible for Editor in 0.00 ms, found 0 plugins.
Preloading 0 native plugins for Editor in 0.00 ms.
Asset Pipeline Refresh (id=24b5bd207223a384880d5b4089eb09e2): Total: 0.011 seconds - Initiated by StopAssetImportingV2(NoUpdateAssetOptions)
Refreshing native plugins compatible for Editor in 0.00 ms, found 0 plugins.
Preloading 0 native plugins for Editor in 0.00 ms.
Asset Pipeline Refresh (id=aeddd97c18fd123429e4f4be88aee9aa): Total: 0.006 seconds - Initiated by StopAssetImportingV2(NoUpdateAssetOptions)
Refreshing native plugins compatible for Editor in 0.00 ms, found 0 plugins.
Preloading 0 native plugins for Editor in 0.00 ms.
Asset Pipeline Refresh (id=7de051e976706774c932ad7b016f7789): Total: 0.011 seconds - Initiated by StopAssetImportingV2(NoUpdateAssetOptions)
Refreshing native plugins compatible for Editor in 0.00 ms, found 0 plugins.
Preloading 0 native plugins for Editor in 0.00 ms.
Asset Pipeline Refresh (id=293eb2500f29dda459a3d2c1514adf78): Total: 0.006 seconds - Initiated by StopAssetImportingV2(NoUpdateAssetOptions)
Refreshing native plugins compatible for Editor in 0.00 ms, found 0 plugins.
Preloading 0 native plugins for Editor in 0.00 ms.
Asset Pipeline Refresh (id=ff54b6f413b4fd547bc07610ea41a771): Total: 0.011 seconds - Initiated by StopAssetImportingV2(NoUpdateAssetOptions)
Refreshing native plugins compatible for Editor in 0.00 ms, found 0 plugins.
Preloading 0 native plugins for Editor in 0.00 ms.
Asset Pipeline Refresh (id=2c69280d37009d84a8b9d78d44ee7723): Total: 0.005 seconds - Initiated by StopAssetImportingV2(NoUpdateAssetOptions)
Refreshing native plugins compatible for Editor in 0.00 ms, found 0 plugins.
Preloading 0 native plugins for Editor in 0.00 ms.
Asset Pipeline Refresh (id=4ea781d775d57b545897e1b0bbba3cc0): Total: 0.010 seconds - Initiated by StopAssetImportingV2(NoUpdateAssetOptions)
Refreshing native plugins compatible for Editor in 0.00 ms, found 0 plugins.
Preloading 0 native plugins for Editor in 0.00 ms.
Asset Pipeline Refresh (id=b3dfb287d6758a9489575c753aee5be3): Total: 0.006 seconds - Initiated by StopAssetImportingV2(NoUpdateAssetOptions)
Refreshing native plugins compatible for Editor in 0.00 ms, found 0 plugins.
Preloading 0 native plugins for Editor in 0.00 ms.
Asset Pipeline Refresh (id=46d2091751f662a47b149ab0c87c7c58): Total: 0.011 seconds - Initiated by StopAssetImportingV2(NoUpdateAssetOptions)
Refreshing native plugins compatible for Editor in 0.00 ms, found 0 plugins.
Preloading 0 native plugins for Editor in 0.00 ms.
Asset Pipeline Refresh (id=4c66aea90a297d94cb3d0529a583ab03): Total: 0.009 seconds - Initiated by StopAssetImportingV2(NoUpdateAssetOptions)
Refreshing native plugins compatible for Editor in 0.00 ms, found 0 plugins.
Preloading 0 native plugins for Editor in 0.00 ms.
Asset Pipeline Refresh (id=1c1fd3c3d2676e748ae1d0c0cc8343ad): Total: 0.012 seconds - Initiated by StopAssetImportingV2(NoUpdateAssetOptions)
Start importing Assets/StandardCat/StandardCat.controller using Guid(81317f1163a17a1419e0db7fbf781d01) (NativeFormatImporter) -> (artifact id: '87b91bb4671f17766c89477eff555143') in 0.001709 seconds
Refreshing native plugins compatible for Editor in 0.00 ms, found 0 plugins.
Preloading 0 native plugins for Editor in 0.00 ms.
Asset Pipeline Refresh (id=9af5258b8b0a84746a0680514007b948): Total: 0.009 seconds - Initiated by StopAssetImportingV2(NoUpdateAssetOptions)
Start importing Assets/StandardCat/StandardCat.prefab using Guid(a7976654634b7144f827ad10d143b94b) (PrefabImporter) -> (artifact id: 'e7353f49887c58640798aa17b2c1b45d') in 0.0034765 seconds
Refreshing native plugins compatible for Editor in 0.00 ms, found 0 plugins.
Preloading 0 native plugins for Editor in 0.00 ms.
Asset Pipeline Refresh (id=04cd66340f31594439366fe5cc74c38a): Total: 0.011 seconds - Initiated by StopAssetImportingV2(NoUpdateAssetOptions)
Start importing Assets/StandardCat/StandardCatTabby.mat using Guid(61ee102adec486043ab91705cc172f93) (NativeFormatImporter) -> (artifact id: 'fed7e3dcc7ac69f1fa85a62bedf6feca') in 0.0015949 seconds
Start importing Assets/StandardCat/StandardCat.controller using Guid(81317f1163a17a1419e0db7fbf781d01) (NativeFormatImporter) -> (artifact id: '115c17082f1120108d823e85eecd1ff3') in 0.0017496 seconds
Refreshing native plugins compatible for Editor in 0.00 ms, found 0 plugins.
Preloading 0 native plugins for Editor in 0.00 ms.
Asset Pipeline Refresh (id=f7d85ced3b880184c900ee3a42131fab): Total: 0.010 seconds - Initiated by StopAssetImportingV2(NoUpdateAssetOptions)
Asset Pipeline Refresh (id=9955999134868d545b2d3c826c22539b): Total: 0.025 seconds - Initiated by RefreshV2(NoUpdateAssetOptions)
Created anatomically rigged cat prefab at Assets/StandardCat/StandardCat.prefab
UnityEngine.Debug:ExtractStackTraceNoAlloc (byte*,int,string)
UnityEngine.StackTraceUtility:ExtractStackTrace ()
UnityEngine.DebugLogHandler:Internal_Log (UnityEngine.LogType,UnityEngine.LogOption,string,UnityEngine.Object)
UnityEngine.DebugLogHandler:LogFormat (UnityEngine.LogType,UnityEngine.Object,string,object[])
UnityEngine.Logger:Log (UnityEngine.LogType,object)
UnityEngine.Debug:Log (object)
YourCat.DesktopPet.Editor.StandardCatBuilder:Create () (at Assets/Editor/StandardCatBuilder.cs:61)
YourCat.DesktopPet.Editor.CatVisualRegressionTest:Render () (at Assets/Editor/CatVisualRegressionTest.cs:12)

(Filename: Assets/Editor/StandardCatBuilder.cs Line: 61)

Unloading 0 Unused Serialized files (Serialized files now loaded: 0)
Unloading 630 unused Assets / (245.4 KB). Loaded Objects now: 652.
Memory consumption went from 125.1 MB to 124.8 MB.
Total: 3.274900 ms (FindLiveObjects: 0.040500 ms CreateObjectMapping: 0.010000 ms MarkObjects: 2.822000 ms  DeleteObjects: 0.402000 ms)

CAT_BONE Model position=(0.00, 0.00, 0.00) rotation=(0.00, 0.00, 0.00) scale=(96.79, 96.79, 96.79)
UnityEngine.Debug:ExtractStackTraceNoAlloc (byte*,int,string)
UnityEngine.StackTraceUtility:ExtractStackTrace ()
UnityEngine.DebugLogHandler:Internal_Log (UnityEngine.LogType,UnityEngine.LogOption,string,UnityEngine.Object)
UnityEngine.DebugLogHandler:LogFormat (UnityEngine.LogType,UnityEngine.Object,string,object[])
UnityEngine.Logger:Log (UnityEngine.LogType,object)
UnityEngine.Debug:Log (object)
YourCat.DesktopPet.Editor.CatVisualRegressionTest:Render () (at Assets/Editor/CatVisualRegressionTest.cs:21)

(Filename: Assets/Editor/CatVisualRegressionTest.cs Line: 21)

CAT_BONE root position=(0.00, 0.00, 0.00) rotation=(270.02, 0.00, 0.00) scale=(1.00, 1.00, 1.00)
UnityEngine.Debug:ExtractStackTraceNoAlloc (byte*,int,string)
UnityEngine.StackTraceUtility:ExtractStackTrace ()
UnityEngine.DebugLogHandler:Internal_Log (UnityEngine.LogType,UnityEngine.LogOption,string,UnityEngine.Object)
UnityEngine.DebugLogHandler:LogFormat (UnityEngine.LogType,UnityEngine.Object,string,object[])
UnityEngine.Logger:Log (UnityEngine.LogType,object)
UnityEngine.Debug:Log (object)
YourCat.DesktopPet.Editor.CatVisualRegressionTest:Render () (at Assets/Editor/CatVisualRegressionTest.cs:21)

(Filename: Assets/Editor/CatVisualRegressionTest.cs Line: 21)

CAT_BONE butt position=(0.00, 0.00, 0.00) rotation=(0.00, 0.00, 0.00) scale=(1.00, 1.00, 1.00)
UnityEngine.Debug:ExtractStackTraceNoAlloc (byte*,int,string)
UnityEngine.StackTraceUtility:ExtractStackTrace ()
UnityEngine.DebugLogHandler:Internal_Log (UnityEngine.LogType,UnityEngine.LogOption,string,UnityEngine.Object)
UnityEngine.DebugLogHandler:LogFormat (UnityEngine.LogType,UnityEngine.Object,string,object[])
UnityEngine.Logger:Log (UnityEngine.LogType,object)
UnityEngine.Debug:Log (object)
YourCat.DesktopPet.Editor.CatVisualRegressionTest:Render () (at Assets/Editor/CatVisualRegressionTest.cs:21)

(Filename: Assets/Editor/CatVisualRegressionTest.cs Line: 21)

CAT_BONE belly position=(0.00, 0.00, 0.00) rotation=(0.00, 0.00, 0.00) scale=(1.00, 1.00, 1.00)
UnityEngine.Debug:ExtractStackTraceNoAlloc (byte*,int,string)
UnityEngine.StackTraceUtility:ExtractStackTrace ()
UnityEngine.DebugLogHandler:Internal_Log (UnityEngine.LogType,UnityEngine.LogOption,string,UnityEngine.Object)
UnityEngine.DebugLogHandler:LogFormat (UnityEngine.LogType,UnityEngine.Object,string,object[])
UnityEngine.Logger:Log (UnityEngine.LogType,object)
UnityEngine.Debug:Log (object)
YourCat.DesktopPet.Editor.CatVisualRegressionTest:Render () (at Assets/Editor/CatVisualRegressionTest.cs:21)

(Filename: Assets/Editor/CatVisualRegressionTest.cs Line: 21)

CAT_BONE L_BLeg_Upper position=(0.00, 0.00, 0.00) rotation=(0.00, 0.00, 0.00) scale=(1.00, 1.00, 1.00)
UnityEngine.Debug:ExtractStackTraceNoAlloc (byte*,int,string)
UnityEngine.StackTraceUtility:ExtractStackTrace ()
UnityEngine.DebugLogHandler:Internal_Log (UnityEngine.LogType,UnityEngine.LogOption,string,UnityEngine.Object)
UnityEngine.DebugLogHandler:LogFormat (UnityEngine.LogType,UnityEngine.Object,string,object[])
UnityEngine.Logger:Log (UnityEngine.LogType,object)
UnityEngine.Debug:Log (object)
YourCat.DesktopPet.Editor.CatVisualRegressionTest:Render () (at Assets/Editor/CatVisualRegressionTest.cs:21)

(Filename: Assets/Editor/CatVisualRegressionTest.cs Line: 21)

CAT_BONE L_BLeg_Lower position=(0.00, 0.00, 0.00) rotation=(0.00, 0.00, 0.00) scale=(1.00, 1.00, 1.00)
UnityEngine.Debug:ExtractStackTraceNoAlloc (byte*,int,string)
UnityEngine.StackTraceUtility:ExtractStackTrace ()
UnityEngine.DebugLogHandler:Internal_Log (UnityEngine.LogType,UnityEngine.LogOption,string,UnityEngine.Object)
UnityEngine.DebugLogHandler:LogFormat (UnityEngine.LogType,UnityEngine.Object,string,object[])
UnityEngine.Logger:Log (UnityEngine.LogType,object)
UnityEngine.Debug:Log (object)
YourCat.DesktopPet.Editor.CatVisualRegressionTest:Render () (at Assets/Editor/CatVisualRegressionTest.cs:21)

(Filename: Assets/Editor/CatVisualRegressionTest.cs Line: 21)

Releasing render texture that is set to be RenderTexture.active!
UnityEngine.Debug:ExtractStackTraceNoAlloc (byte*,int,string)
UnityEngine.StackTraceUtility:ExtractStackTrace ()
UnityEngine.RenderTexture:Release ()
YourCat.DesktopPet.Editor.CatVisualRegressionTest:Render () (at Assets/Editor/CatVisualRegressionTest.cs:62)

[Assets/Editor/CatVisualRegressionTest.cs line 62]

Releasing render texture that is set as Camera.targetTexture!
UnityEngine.Debug:ExtractStackTraceNoAlloc (byte*,int,string)
UnityEngine.StackTraceUtility:ExtractStackTrace ()
UnityEngine.Object:DestroyImmediate (UnityEngine.Object,bool)
UnityEngine.Object:DestroyImmediate (UnityEngine.Object)
YourCat.DesktopPet.Editor.CatVisualRegressionTest:Render () (at Assets/Editor/CatVisualRegressionTest.cs:63)

[Assets/Editor/CatVisualRegressionTest.cs line 63]

CAT_VISUAL_BOUNDS center=(-0.18, 1.33, 0.00) size=(4.64, 2.65, 1.06)
UnityEngine.Debug:ExtractStackTraceNoAlloc (byte*,int,string)
UnityEngine.StackTraceUtility:ExtractStackTrace ()
UnityEngine.DebugLogHandler:Internal_Log (UnityEngine.LogType,UnityEngine.LogOption,string,UnityEngine.Object)
UnityEngine.DebugLogHandler:LogFormat (UnityEngine.LogType,UnityEngine.Object,string,object[])
UnityEngine.Logger:Log (UnityEngine.LogType,object)
UnityEngine.Debug:Log (object)
YourCat.DesktopPet.Editor.CatVisualRegressionTest:Render () (at Assets/Editor/CatVisualRegressionTest.cs:64)

(Filename: Assets/Editor/CatVisualRegressionTest.cs Line: 64)

Batchmode quit successfully invoked - shutting down!
[Physics::Module] Cleanup current backend.
[Physics::Module] Id: 0xf2b8ea05
Input System module state changed to: ShutdownInProgress.
Input System polling thread exited.
Input System module state changed to: Shutdown.
[Licensing::IpcConnector] LicenseClient-tszki-notifications channel disconnected successfully.
[Licensing::IpcConnector] LicenseClient-tszki channel disconnected successfully.
AcceleratorClientConnectionCallback - disconnected - :0
Cleanup mono
Exiting batchmode successfully now!
Exiting without the bug reporter. Application will terminate with return code 0